
> test@0.0.0 test
> vitest


[1m[30m[46m RUN [49m[39m[22m [36mv4.1.5 [39m[90mC:/Users/UTL_ADMIN/Desktop/Shawn/threadly/fthreadly[39m

 [31mΓ¥»[39m src/__tests__/checkoutStatusCopy.test.ts [2m([22m[2m2 tests[22m[2m | [22m[31m1 failed[39m[2m)[22m[32m 37[2mms[22m[39m
[31m     [31m├ù[31m keeps surface-specific wording while sharing the same status semantics[39m[32m 18[2mms[22m[39m
     [32mΓ£ô[39m preserves legacy checkout payment methods for compatibility[32m 2[2mms[22m[39m
node.exe : [90mstderr[2m | src/__tests__/dashboard/FinancePage.test.tsx
At line:1 char:1
+ & "C:\Program Files\nodejs/node.exe" "C:\Program Files\nodejs/node_mo ...
+ ~~~~~~~~~~~~~~~~~~~~~~~~~~~~~~~~~~~~~~~~~~~~~~~~~~~~~~~~~~~~~~~~~~~~~
    + CategoryInfo          : NotSpecified: ([90mstderr[2m...cePage.test.tsx:String) [], RemoteException
    + FullyQualifiedErrorId : NativeCommandError
 
[22m[39mUsing fallback value for VITE_APP_URL; configure this via environment variables for other environments.

[90mstderr[2m | src/__tests__/MyOrders.test.tsx
[22m[39mUsing fallback value for VITE_APP_URL; configure this via environment variables for other environments.

[90mstderr[2m | src/__tests__/dashboard/OrderManagement.test.tsx
[22m[39mUsing fallback value for VITE_APP_URL; configure this via environment variables for other environments.

[90mstderr[2m | src/__tests__/sharedThemeComponents.test.tsx
[22m[39mUsing fallback value for VITE_APP_URL; configure this via environment variables for other environments.

 [31mΓ¥»[39m src/__tests__/OrderDetail.test.tsx [2m([22m[2m1 test[22m[2m | [22m[31m1 failed[39m[2m)[22m[33m 397[2mms[22m[39m
[31m     [31m├ù[31m renders the order detail without the conversation panel[39m[33m 388[2mms[22m[39m
 [31mΓ¥»[39m src/__tests__/visibilityControls.test.tsx [2m([22m[2m1 test[22m[2m | [22m[31m1 failed[39m[2m)[22m[32m 160[2mms[22m[39m
[31m     [31m├ù[31m shows cooldown note when Private selected[39m[32m 150[2mms[22m[39m
[90mstderr[2m | src/__tests__/CustomOrderOpsConsole.test.tsx
[22m[39mUsing fallback value for VITE_APP_URL; configure this via environment variables for other environments.

[90mstderr[2m | src/__tests__/CustomOrderComposerPage.test.tsx
[22m[39mUsing fallback value for VITE_APP_URL; configure this via environment variables for other environments.

 [32mΓ£ô[39m src/__tests__/CustomOrderComposerPage.test.tsx [2m([22m[2m3 tests[22m[2m)[22m[33m 1088[2mms[22m[39m
     [33m[2mΓ£ô[22m[39m renders and submits freeform measurement keys resolved from the active configuration [33m 651[2mms[22m[39m
 [32mΓ£ô[39m src/__tests__/AdminSettlementPoliciesPage.test.tsx [2m([22m[2m6 tests[22m[2m)[22m[33m 3071[2mms[22m[39m
     [33m[2mΓ£ô[22m[39m renders settlement policies in the list [33m 359[2mms[22m[39m
     [33m[2mΓ£ô[22m[39m keeps hold-until-delivery upfront fields disabled and enables them for split release [33m 1175[2mms[22m[39m
     [33m[2mΓ£ô[22m[39m renders settlement preview breakdown [33m 501[2mms[22m[39m
     [33m[2mΓ£ô[22m[39m shows activate or deactivate confirmation before mutating [33m 402[2mms[22m[39m
     [33m[2mΓ£ô[22m[39m renders backend validation errors clearly [33m 491[2mms[22m[39m
Error: AggregateError
    at Object.dispatchError 
(C:\Users\UTL_ADMIN\Desktop\Shawn\threadly\fthreadly\node_modules\jsdom\lib\jsdom\living\xhr\xhr-utils.js:63:19)
    at Request.<anonymous> (C:\Users\UTL_ADMIN\Desktop\Shawn\threadly\fthreadly\node_modules\jsdom\lib\jsdom\living\xhr
\XMLHttpRequest-impl.js:655:18)
    at Request.emit (node:events:531:35)
    at ClientRequest.<anonymous> (C:\Users\UTL_ADMIN\Desktop\Shawn\threadly\fthreadly\node_modules\jsdom\lib\jsdom\livi
ng\helpers\http-request.js:127:14)
    at ClientRequest.emit (node:events:519:28)
    at emitErrorEvent (node:_http_client:105:11)
    at Socket.socketErrorListener (node:_http_client:518:5)
    at Socket.emit (node:events:519:28)
    at emitErrorNT (node:internal/streams/destroy:170:8)
    at emitErrorCloseNT (node:internal/streams/destroy:129:3) undefined
Error: AggregateError
    at Object.dispatchError 
(C:\Users\UTL_ADMIN\Desktop\Shawn\threadly\fthreadly\node_modules\jsdom\lib\jsdom\living\xhr\xhr-utils.js:63:19)
    at Request.<anonymous> (C:\Users\UTL_ADMIN\Desktop\Shawn\threadly\fthreadly\node_modules\jsdom\lib\jsdom\living\xhr
\XMLHttpRequest-impl.js:655:18)
    at Request.emit (node:events:531:35)
    at ClientRequest.<anonymous> (C:\Users\UTL_ADMIN\Desktop\Shawn\threadly\fthreadly\node_modules\jsdom\lib\jsdom\livi
ng\helpers\http-request.js:127:14)
    at ClientRequest.emit (node:events:519:28)
    at emitErrorEvent (node:_http_client:105:11)
    at Socket.socketErrorListener (node:_http_client:518:5)
    at Socket.emit (node:events:519:28)
    at emitErrorNT (node:internal/streams/destroy:170:8)
    at emitErrorCloseNT (node:internal/streams/destroy:129:3) undefined
Error: AggregateError
    at Object.dispatchError 
(C:\Users\UTL_ADMIN\Desktop\Shawn\threadly\fthreadly\node_modules\jsdom\lib\jsdom\living\xhr\xhr-utils.js:63:19)
    at Request.<anonymous> (C:\Users\UTL_ADMIN\Desktop\Shawn\threadly\fthreadly\node_modules\jsdom\lib\jsdom\living\xhr
\XMLHttpRequest-impl.js:655:18)
    at Request.emit (node:events:531:35)
    at ClientRequest.<anonymous> (C:\Users\UTL_ADMIN\Desktop\Shawn\threadly\fthreadly\node_modules\jsdom\lib\jsdom\livi
ng\helpers\http-request.js:127:14)
    at ClientRequest.emit (node:events:519:28)
    at emitErrorEvent (node:_http_client:105:11)
    at Socket.socketErrorListener (node:_http_client:518:5)
    at Socket.emit (node:events:519:28)
    at emitErrorNT (node:internal/streams/destroy:170:8)
    at emitErrorCloseNT (node:internal/streams/destroy:129:3) undefined
[90mstderr[2m | src/__tests__/dashboard/FinancePage.test.tsx[2m > [22m[2mFinancePage[2m > [22m[2mrenders 
balance and payout history
[22m[39mFailed to fetch finance data AxiosError: Network Error
    at XMLHttpRequest.handleError [90m(file:///C:/Users/UTL_ADMIN/Desktop/Shawn/threadly/fthreadly/[39mnode_modules/
[4maxios[24m/lib/adapters/xhr.js:122:21[90m)[39m
    at XMLHttpRequest.invokeTheCallbackFunction [90m(C:\Users\UTL_ADMIN\Desktop\Shawn\threadly\fthreadly\[39mnode_mod
ules\[4mjsdom[24m\lib\jsdom\living\generated\EventHandlerNonNull.js:14:28[90m)[39m
    at XMLHttpRequest.<anonymous> [90m(C:\Users\UTL_ADMIN\Desktop\Shawn\threadly\fthreadly\[39mnode_modules\[4mjsdom
[24m\lib\jsdom\living\helpers\create-event-accessor.js:35:32[90m)[39m
    at innerInvokeEventListeners [90m(C:\Users\UTL_ADMIN\Desktop\Shawn\threadly\fthreadly\[39mnode_modules\[4mjsdom
[24m\lib\jsdom\living\events\EventTarget-impl.js:350:25[90m)[39m
    at invokeEventListeners [90m(C:\Users\UTL_ADMIN\Desktop\Shawn\threadly\fthreadly\[39mnode_modules\[4mjsdom[24m\
lib\jsdom\living\events\EventTarget-impl.js:286:3[90m)[39m
    at XMLHttpRequestImpl._dispatch [90m(C:\Users\UTL_ADMIN\Desktop\Shawn\threadly\fthreadly\[39mnode_modules\[4mjsd
om[24m\lib\jsdom\living\events\EventTarget-impl.js:233:9[90m)[39m
    at fireAnEvent [90m(C:\Users\UTL_ADMIN\Desktop\Shawn\threadly\fthreadly\[39mnode_modules\[4mjsdom[24m\lib\jsdom
\living\helpers\events.js:18:36[90m)[39m
    at requestErrorSteps [90m(C:\Users\UTL_ADMIN\Desktop\Shawn\threadly\fthreadly\[39mnode_modules\[4mjsdom[24m\lib
\jsdom\living\xhr\xhr-utils.js:131:3[90m)[39m
    at Object.dispatchError [90m(C:\Users\UTL_ADMIN\Desktop\Shawn\threadly\fthreadly\[39mnode_modules\[4mjsdom[24m\
lib\jsdom\living\xhr\xhr-utils.js:60:3[90m)[39m
    at Request.<anonymous> [90m(C:\Users\UTL_ADMIN\Desktop\Shawn\threadly\fthreadly\[39mnode_modules\[4mjsdom[24m\l
ib\jsdom\living\xhr\XMLHttpRequest-impl.js:655:18[90m)[39m
    at Axios.request [90m(file:///C:/Users/UTL_ADMIN/Desktop/Shawn/threadly/fthreadly/[39mnode_modules/[4maxios[24m
/lib/core/Axios.js:46:41[90m)[39m
[90m    at processTicksAndRejections (node:internal/process/task_queues:105:5)[39m
    at getStoreStatus (C:/Users/UTL_ADMIN/Desktop/Shawn/threadly/fthreadly/src/api/StoreApi.ts:906:15)
    at C:/Users/UTL_ADMIN/Desktop/Shawn/threadly/fthreadly/src/pages/dashboard/FinancePage.tsx:201:27 {
  isAxiosError: [33mtrue[39m,
  code: [32m'ERR_NETWORK'[39m,
  config: [Object: null prototype] {
    transitional: {
      silentJSONParsing: [33mtrue[39m,
      forcedJSONParsing: [33mtrue[39m,
      clarifyTimeoutError: [33mfalse[39m,
      legacyInterceptorReqResOrdering: [33mtrue[39m
    },
    adapter: [ [32m'xhr'[39m, [32m'http'[39m, [32m'fetch'[39m ],
    transformRequest: [ [36m[Function: transformRequest][39m ],
    transformResponse: [ [36m[Function: transformResponse][39m ],
    timeout: [33m0[39m,
    xsrfCookieName: [32m'XSRF-TOKEN'[39m,
    xsrfHeaderName: [32m'X-XSRF-TOKEN'[39m,
    maxContentLength: [33m-1[39m,
    maxBodyLength: [33m-1[39m,
    env: { FormData: [36m[Function][39m, Blob: [36m[class Blob][39m },
    validateStatus: [36m[Function: validateStatus][39m,
    headers: Object [AxiosHeaders] {
      Accept: [32m'application/json, text/plain, */*'[39m,
      [32m'Content-Type'[39m: [90mundefined[39m
    },
    baseURL: [32m'http://localhost:3040'[39m,
    withCredentials: [33mtrue[39m,
    method: [32m'get'[39m,
    url: [32m'/store/status'[39m,
    allowAbsoluteUrls: [33mtrue[39m,
    data: [90mundefined[39m
  },
  request: XMLHttpRequest {},
  event: ProgressEvent { isTrusted: [36m[Getter][39m }
}

 [31mΓ¥»[39m src/__tests__/MyOrders.test.tsx [2m([22m[2m1 test[22m[2m | [22m[31m1 failed[39m[2m)[22m[33m 622[2mms[22m[39m
[31m     [31m├ù[31m hides write review CTA when runtime write access is disabled[39m[33m 614[2mms[22m[39m
Error: AggregateError
    at Object.dispatchError 
(C:\Users\UTL_ADMIN\Desktop\Shawn\threadly\fthreadly\node_modules\jsdom\lib\jsdom\living\xhr\xhr-utils.js:63:19)
    at Request.<anonymous> (C:\Users\UTL_ADMIN\Desktop\Shawn\threadly\fthreadly\node_modules\jsdom\lib\jsdom\living\xhr
\XMLHttpRequest-impl.js:655:18)
    at Request.emit (node:events:531:35)
    at ClientRequest.<anonymous> (C:\Users\UTL_ADMIN\Desktop\Shawn\threadly\fthreadly\node_modules\jsdom\lib\jsdom\livi
ng\helpers\http-request.js:127:14)
    at ClientRequest.emit (node:events:519:28)
    at emitErrorEvent (node:_http_client:105:11)
    at Socket.socketErrorListener (node:_http_client:518:5)
    at Socket.emit (node:events:519:28)
    at emitErrorNT (node:internal/streams/destroy:170:8)
    at emitErrorCloseNT (node:internal/streams/destroy:129:3) undefined
 [31mΓ¥»[39m src/__tests__/dashboard/OrderManagement.test.tsx [2m([22m[2m2 tests[22m[2m | [22m[31m2 failed[39m[2m)[22m[32m 144[2mms[22m[39m
[31m     [31m├ù[31m renders orders after fetching[39m[32m 117[2mms[22m[39m
[31m     [31m├ù[31m handles search and filter[39m[32m 13[2mms[22m[39m
[90mstderr[2m | src/__tests__/dashboard/FinancePage.test.tsx[2m > [22m[2mFinancePage[2m > [22m[2mhandles 
payout request success
[22m[39mFailed to fetch finance data AxiosError: Network Error
    at XMLHttpRequest.handleError [90m(file:///C:/Users/UTL_ADMIN/Desktop/Shawn/threadly/fthreadly/[39mnode_modules/
[4maxios[24m/lib/adapters/xhr.js:122:21[90m)[39m
    at XMLHttpRequest.invokeTheCallbackFunction [90m(C:\Users\UTL_ADMIN\Desktop\Shawn\threadly\fthreadly\[39mnode_mod
ules\[4mjsdom[24m\lib\jsdom\living\generated\EventHandlerNonNull.js:14:28[90m)[39m
    at XMLHttpRequest.<anonymous> [90m(C:\Users\UTL_ADMIN\Desktop\Shawn\threadly\fthreadly\[39mnode_modules\[4mjsdom
[24m\lib\jsdom\living\helpers\create-event-accessor.js:35:32[90m)[39m
    at innerInvokeEventListeners [90m(C:\Users\UTL_ADMIN\Desktop\Shawn\threadly\fthreadly\[39mnode_modules\[4mjsdom
[24m\lib\jsdom\living\events\EventTarget-impl.js:350:25[90m)[39m
    at invokeEventListeners [90m(C:\Users\UTL_ADMIN\Desktop\Shawn\threadly\fthreadly\[39mnode_modules\[4mjsdom[24m\
lib\jsdom\living\events\EventTarget-impl.js:286:3[90m)[39m
    at XMLHttpRequestImpl._dispatch [90m(C:\Users\UTL_ADMIN\Desktop\Shawn\threadly\fthreadly\[39mnode_modules\[4mjsd
om[24m\lib\jsdom\living\events\EventTarget-impl.js:233:9[90m)[39m
    at fireAnEvent [90m(C:\Users\UTL_ADMIN\Desktop\Shawn\threadly\fthreadly\[39mnode_modules\[4mjsdom[24m\lib\jsdom
\living\helpers\events.js:18:36[90m)[39m
    at requestErrorSteps [90m(C:\Users\UTL_ADMIN\Desktop\Shawn\threadly\fthreadly\[39mnode_modules\[4mjsdom[24m\lib
\jsdom\living\xhr\xhr-utils.js:131:3[90m)[39m
    at Object.dispatchError [90m(C:\Users\UTL_ADMIN\Desktop\Shawn\threadly\fthreadly\[39mnode_modules\[4mjsdom[24m\
lib\jsdom\living\xhr\xhr-utils.js:60:3[90m)[39m
    at Request.<anonymous> [90m(C:\Users\UTL_ADMIN\Desktop\Shawn\threadly\fthreadly\[39mnode_modules\[4mjsdom[24m\l
ib\jsdom\living\xhr\XMLHttpRequest-impl.js:655:18[90m)[39m
    at Axios.request [90m(file:///C:/Users/UTL_ADMIN/Desktop/Shawn/threadly/fthreadly/[39mnode_modules/[4maxios[24m
/lib/core/Axios.js:46:41[90m)[39m
[90m    at processTicksAndRejections (node:internal/process/task_queues:105:5)[39m
    at getStoreStatus (C:/Users/UTL_ADMIN/Desktop/Shawn/threadly/fthreadly/src/api/StoreApi.ts:906:15)
    at C:/Users/UTL_ADMIN/Desktop/Shawn/threadly/fthreadly/src/pages/dashboard/FinancePage.tsx:201:27 {
  isAxiosError: [33mtrue[39m,
  code: [32m'ERR_NETWORK'[39m,
  config: [Object: null prototype] {
    transitional: {
      silentJSONParsing: [33mtrue[39m,
      forcedJSONParsing: [33mtrue[39m,
      clarifyTimeoutError: [33mfalse[39m,
      legacyInterceptorReqResOrdering: [33mtrue[39m
    },
    adapter: [ [32m'xhr'[39m, [32m'http'[39m, [32m'fetch'[39m ],
    transformRequest: [ [36m[Function: transformRequest][39m ],
    transformResponse: [ [36m[Function: transformResponse][39m ],
    timeout: [33m0[39m,
    xsrfCookieName: [32m'XSRF-TOKEN'[39m,
    xsrfHeaderName: [32m'X-XSRF-TOKEN'[39m,
    maxContentLength: [33m-1[39m,
    maxBodyLength: [33m-1[39m,
    env: { FormData: [36m[Function][39m, Blob: [36m[class Blob][39m },
    validateStatus: [36m[Function: validateStatus][39m,
    headers: Object [AxiosHeaders] {
      Accept: [32m'application/json, text/plain, */*'[39m,
      [32m'Content-Type'[39m: [90mundefined[39m
    },
    baseURL: [32m'http://localhost:3040'[39m,
    withCredentials: [33mtrue[39m,
    method: [32m'get'[39m,
    url: [32m'/store/status'[39m,
    allowAbsoluteUrls: [33mtrue[39m,
    data: [90mundefined[39m
  },
  request: XMLHttpRequest {},
  event: ProgressEvent { isTrusted: [36m[Getter][39m }
}

Error: AggregateError
    at Object.dispatchError 
(C:\Users\UTL_ADMIN\Desktop\Shawn\threadly\fthreadly\node_modules\jsdom\lib\jsdom\living\xhr\xhr-utils.js:63:19)
    at Request.<anonymous> (C:\Users\UTL_ADMIN\Desktop\Shawn\threadly\fthreadly\node_modules\jsdom\lib\jsdom\living\xhr
\XMLHttpRequest-impl.js:655:18)
    at Request.emit (node:events:531:35)
    at ClientRequest.<anonymous> (C:\Users\UTL_ADMIN\Desktop\Shawn\threadly\fthreadly\node_modules\jsdom\lib\jsdom\livi
ng\helpers\http-request.js:127:14)
    at ClientRequest.emit (node:events:519:28)
    at emitErrorEvent (node:_http_client:105:11)
    at Socket.socketErrorListener (node:_http_client:518:5)
    at Socket.emit (node:events:519:28)
    at emitErrorNT (node:internal/streams/destroy:170:8)
    at emitErrorCloseNT (node:internal/streams/destroy:129:3) undefined
[90mstderr[2m | src/__tests__/dashboard/FinancePage.test.tsx[2m > [22m[2mFinancePage[2m > [22m[2mvalidates 
minimum payout amount
[22m[39mFailed to fetch finance data AxiosError: Network Error
    at XMLHttpRequest.handleError [90m(file:///C:/Users/UTL_ADMIN/Desktop/Shawn/threadly/fthreadly/[39mnode_modules/
[4maxios[24m/lib/adapters/xhr.js:122:21[90m)[39m
    at XMLHttpRequest.invokeTheCallbackFunction [90m(C:\Users\UTL_ADMIN\Desktop\Shawn\threadly\fthreadly\[39mnode_mod
ules\[4mjsdom[24m\lib\jsdom\living\generated\EventHandlerNonNull.js:14:28[90m)[39m
    at XMLHttpRequest.<anonymous> [90m(C:\Users\UTL_ADMIN\Desktop\Shawn\threadly\fthreadly\[39mnode_modules\[4mjsdom
[24m\lib\jsdom\living\helpers\create-event-accessor.js:35:32[90m)[39m
    at innerInvokeEventListeners [90m(C:\Users\UTL_ADMIN\Desktop\Shawn\threadly\fthreadly\[39mnode_modules\[4mjsdom
[24m\lib\jsdom\living\events\EventTarget-impl.js:350:25[90m)[39m
    at invokeEventListeners [90m(C:\Users\UTL_ADMIN\Desktop\Shawn\threadly\fthreadly\[39mnode_modules\[4mjsdom[24m\
lib\jsdom\living\events\EventTarget-impl.js:286:3[90m)[39m
    at XMLHttpRequestImpl._dispatch [90m(C:\Users\UTL_ADMIN\Desktop\Shawn\threadly\fthreadly\[39mnode_modules\[4mjsd
om[24m\lib\jsdom\living\events\EventTarget-impl.js:233:9[90m)[39m
    at fireAnEvent [90m(C:\Users\UTL_ADMIN\Desktop\Shawn\threadly\fthreadly\[39mnode_modules\[4mjsdom[24m\lib\jsdom
\living\helpers\events.js:18:36[90m)[39m
    at requestErrorSteps [90m(C:\Users\UTL_ADMIN\Desktop\Shawn\threadly\fthreadly\[39mnode_modules\[4mjsdom[24m\lib
\jsdom\living\xhr\xhr-utils.js:131:3[90m)[39m
    at Object.dispatchError [90m(C:\Users\UTL_ADMIN\Desktop\Shawn\threadly\fthreadly\[39mnode_modules\[4mjsdom[24m\
lib\jsdom\living\xhr\xhr-utils.js:60:3[90m)[39m
    at Request.<anonymous> [90m(C:\Users\UTL_ADMIN\Desktop\Shawn\threadly\fthreadly\[39mnode_modules\[4mjsdom[24m\l
ib\jsdom\living\xhr\XMLHttpRequest-impl.js:655:18[90m)[39m
    at Axios.request [90m(file:///C:/Users/UTL_ADMIN/Desktop/Shawn/threadly/fthreadly/[39mnode_modules/[4maxios[24m
/lib/core/Axios.js:46:41[90m)[39m
[90m    at processTicksAndRejections (node:internal/process/task_queues:105:5)[39m
    at getStoreStatus (C:/Users/UTL_ADMIN/Desktop/Shawn/threadly/fthreadly/src/api/StoreApi.ts:906:15)
    at C:/Users/UTL_ADMIN/Desktop/Shawn/threadly/fthreadly/src/pages/dashboard/FinancePage.tsx:201:27 {
  isAxiosError: [33mtrue[39m,
  code: [32m'ERR_NETWORK'[39m,
  config: [Object: null prototype] {
    transitional: {
      silentJSONParsing: [33mtrue[39m,
      forcedJSONParsing: [33mtrue[39m,
      clarifyTimeoutError: [33mfalse[39m,
      legacyInterceptorReqResOrdering: [33mtrue[39m
    },
    adapter: [ [32m'xhr'[39m, [32m'http'[39m, [32m'fetch'[39m ],
    transformRequest: [ [36m[Function: transformRequest][39m ],
    transformResponse: [ [36m[Function: transformResponse][39m ],
    timeout: [33m0[39m,
    xsrfCookieName: [32m'XSRF-TOKEN'[39m,
    xsrfHeaderName: [32m'X-XSRF-TOKEN'[39m,
    maxContentLength: [33m-1[39m,
    maxBodyLength: [33m-1[39m,
    env: { FormData: [36m[Function][39m, Blob: [36m[class Blob][39m },
    validateStatus: [36m[Function: validateStatus][39m,
    headers: Object [AxiosHeaders] {
      Accept: [32m'application/json, text/plain, */*'[39m,
      [32m'Content-Type'[39m: [90mundefined[39m
    },
    baseURL: [32m'http://localhost:3040'[39m,
    withCredentials: [33mtrue[39m,
    method: [32m'get'[39m,
    url: [32m'/store/status'[39m,
    allowAbsoluteUrls: [33mtrue[39m,
    data: [90mundefined[39m
  },
  request: XMLHttpRequest {},
  event: ProgressEvent { isTrusted: [36m[Getter][39m }
}

[90mstderr[2m | src/__tests__/themeBackendSync.test.tsx
[22m[39mUsing fallback value for VITE_APP_URL; configure this via environment variables for other environments.

 [31mΓ¥»[39m src/__tests__/dashboard/FinancePage.test.tsx [2m([22m[2m3 tests[22m[2m | [22m[31m3 failed[39m[2m)[22m[33m 3560[2mms[22m[39m
[31m     [31m├ù[31m renders balance and payout history[39m[33m 1285[2mms[22m[39m
[31m     [31m├ù[31m handles payout request success[39m[33m 1108[2mms[22m[39m
[31m     [31m├ù[31m validates minimum payout amount[39m[33m 1156[2mms[22m[39m
 [32mΓ£ô[39m src/__tests__/OrderMessagesPanel.test.tsx [2m([22m[2m2 tests[22m[2m)[22m[33m 803[2mms[22m[39m
     [33m[2mΓ£ô[22m[39m uses admin list endpoint and keeps composer hidden for admin surface [33m 401[2mms[22m[39m
     [33m[2mΓ£ô[22m[39m sends attachment-only message payload for buyer surface [33m 385[2mms[22m[39m
 [32mΓ£ô[39m src/__tests__/themeBackendSync.test.tsx [2m([22m[2m12 tests[22m[2m)[22m[33m 944[2mms[22m[39m
     [33m[2mΓ£ô[22m[39m updates runtime root theme state atomically [33m 344[2mms[22m[39m
 [32mΓ£ô[39m src/__tests__/adminPasswordFlows.test.tsx [2m([22m[2m2 tests[22m[2m)[22m[33m 765[2mms[22m[39m
     [33m[2mΓ£ô[22m[39m shows a check-your-email state after admin reset request and allows manual token entry [33m 633[2mms[22m[39m
 [32mΓ£ô[39m src/__tests__/sharedThemeComponents.test.tsx [2m([22m[2m3 tests[22m[2m)[22m[33m 1460[2mms[22m[39m
     [33m[2mΓ£ô[22m[39m profile dropdown renders all three theme choices and keeps system as the saved preference [33m 1004[2mms[22m[39m
     [33m[2mΓ£ô[22m[39m theme selector sends only themePreference [33m 360[2mms[22m[39m
 [31mΓ¥»[39m src/__tests__/CustomOrderConfigurationEditor.test.tsx [2m([22m[2m6 tests[22m[2m | [22m[31m4 failed[39m[2m)[22m[33m 9467[2mms[22m[39m
     [33m[2mΓ£ô[22m[39m shows the save-first state when the source has not been persisted yet [33m 697[2mms[22m[39m
[31m     [31m├ù[31m saves a new custom-order configuration for a persisted source[39m[33m 1885[2mms[22m[39m
[31m     [31m├ù[31m requires rush fee and rush lead days before saving when rush is enabled[39m[33m 1905[2mms[22m[39m
[31m     [31m├ù[31m shows rush fee validation inline and blocks save when the rush fee is invalid[39m[33m 2282[2mms[22m[39m
[31m     [31m├ù[31m creates a hidden fabric-rule basis when none exists yet[39m[33m 2413[2mms[22m[39m
     [32mΓ£ô[39m does not auto-seed the full registry as required keys for a new configuration[32m 270[2mms[22m[39m
 [32mΓ£ô[39m src/__tests__/AdminFinancePage.settlement.test.tsx [2m([22m[2m1 test[22m[2m)[22m[33m 800[2mms[22m[39m
     [33m[2mΓ£ô[22m[39m renders overview settlement state and payment settlement details [33m 792[2mms[22m[39m
 [31mΓ¥»[39m src/__tests__/CustomOrderOpsConsole.test.tsx [2m([22m[2m2 tests[22m[2m | [22m[31m1 failed[39m[2m)[22m[33m 1773[2mms[22m[39m
[31m     [31m├ù[31m requires confirmation before a brand accepts a custom order[39m[32m 243[2mms[22m[39m
     [33m[2mΓ£ô[22m[39m requires confirmation before admin risk-flagging [33m 1522[2mms[22m[39m
 [32mΓ£ô[39m src/pages/checkout/PaymentReturnPage.test.tsx [2m([22m[2m2 tests[22m[2m)[22m[33m 499[2mms[22m[39m
     [33m[2mΓ£ô[22m[39m routes a failed custom-order retry back through bag checkout [33m 389[2mms[22m[39m
[90mstderr[2m | src/__tests__/dashboard/AnalyticsPage.test.tsx
[22m[39mUsing fallback value for VITE_APP_URL; configure this via environment variables for other environments.

 [32mΓ£ô[39m src/__tests__/dashboard/AnalyticsPage.test.tsx [2m([22m[2m2 tests[22m[2m)[22m[33m 460[2mms[22m[39m
 [32mΓ£ô[39m src/__tests__/thirdPartyThemeAlignment.test.tsx [2m([22m[2m3 tests[22m[2m)[22m[32m 164[2mms[22m[39m
 [32mΓ£ô[39m src/__tests__/FileUploader.test.tsx [2m([22m[2m3 tests[22m[2m)[22m[32m 266[2mms[22m[39m
[90mstderr[2m | src/__tests__/ReviewsTab.test.tsx
[22m[39mUsing fallback value for VITE_APP_URL; configure this via environment variables for other environments.

 [32mΓ£ô[39m src/__tests__/ReviewsTab.test.tsx [2m([22m[2m1 test[22m[2m)[22m[33m 515[2mms[22m[39m
     [33m[2mΓ£ô[22m[39m hides owner reply actions when brand replies are disabled [33m 505[2mms[22m[39m
[90mstderr[2m | src/__tests__/featurePageThemeMigration.test.tsx
[22m[39mUsing fallback value for VITE_APP_URL; configure this via environment variables for other environments.

[90mstderr[2m | src/__tests__/RequireStoreSetup.test.tsx
[22m[39mUsing fallback value for VITE_APP_URL; configure this via environment variables for other environments.

[90mstderr[2m | src/__tests__/useBrandProfile.renderIsolation.test.tsx
[22m[39mUsing fallback value for VITE_APP_URL; configure this via environment variables for other environments.

 [32mΓ£ô[39m src/__tests__/useCollectionUpload.test.tsx [2m([22m[2m2 tests[22m[2m)[22m[32m 292[2mms[22m[39m
[90mstdout[2m | src/__tests__/useBrandProfile.renderIsolation.test.tsx[2m > [22m[2museBrandProfile render isolation[2m > [22m[2mdoes not re-render hook consumers for media-only user updates
[22m[39m[useBrandProfile.fetchCollections] start { ownerId: [32m'brand-1'[39m }

[90mstdout[2m | src/__tests__/useBrandProfile.renderIsolation.test.tsx[2m > [22m[2museBrandProfile render isolation[2m > [22m[2mdoes not re-render hook consumers for media-only user updates
[22m[39m[useBrandProfile.fetchCollections] done { count: [33m0[39m, all: [33m0[39m, public: [33m0[39m, private: [33m0[39m }

 [32mΓ£ô[39m src/__tests__/RequireStoreSetup.test.tsx [2m([22m[2m1 test[22m[2m)[22m[32m 292[2mms[22m[39m
[90mstdout[2m | src/__tests__/useBrandProfile.renderIsolation.test.tsx[2m > [22m[2museBrandProfile render isolation[2m > [22m[2mimmediately syncs stale brand profile fields from the updated auth user
[22m[39m[useBrandProfile.fetchCollections] start { ownerId: [32m'brand-1'[39m }

 [32mΓ£ô[39m src/__tests__/featurePageThemeMigration.test.tsx [2m([22m[2m3 tests[22m[2m)[22m[33m 633[2mms[22m[39m
     [33m[2mΓ£ô[22m[39m renders the market feed under ThemeProvider in light mode [33m 355[2mms[22m[39m
[90mstdout[2m | src/__tests__/useBrandProfile.renderIsolation.test.tsx[2m > [22m[2museBrandProfile render isolation[2m > [22m[2mimmediately syncs stale brand profile fields from the updated auth user
[22m[39m[useBrandProfile.fetchCollections] done { count: [33m0[39m, all: [33m0[39m, public: [33m0[39m, private: [33m0[39m }

 [32mΓ£ô[39m src/__tests__/useBrandProfile.renderIsolation.test.tsx [2m([22m[2m2 tests[22m[2m)[22m[32m 150[2mms[22m[39m
[90mstderr[2m | src/__tests__/ReviewComposerModal.test.tsx
[22m[39mUsing fallback value for VITE_APP_URL; configure this via environment variables for other environments.

 [32mΓ£ô[39m src/__tests__/ReviewComposerModal.test.tsx [2m([22m[2m1 test[22m[2m)[22m[32m 173[2mms[22m[39m
 [32mΓ£ô[39m src/__tests__/mediaStore.test.tsx [2m([22m[2m2 tests[22m[2m)[22m[32m 155[2mms[22m[39m
[90mstderr[2m | src/__tests__/ProductReviewSection.test.tsx
[22m[39mUsing fallback value for VITE_APP_URL; configure this via environment variables for other environments.

 [32mΓ£ô[39m src/__tests__/ProductReviewSection.test.tsx [2m([22m[2m2 tests[22m[2m)[22m[32m 64[2mms[22m[39m
 [32mΓ£ô[39m src/__tests__/productMediaUtils.test.ts [2m([22m[2m7 tests[22m[2m)[22m[32m 21[2mms[22m[39m
 [32mΓ£ô[39m src/__tests__/cooldownLabel.test.ts [2m([22m[2m4 tests[22m[2m)[22m[32m 96[2mms[22m[39m
 [32mΓ£ô[39m src/pages/checkout/paymentFlow.test.ts [2m([22m[2m7 tests[22m[2m)[22m[32m 23[2mms[22m[39m
 [32mΓ£ô[39m src/__tests__/storeSetup.test.ts [2m([22m[2m2 tests[22m[2m)[22m[32m 22[2mms[22m[39m
 [32mΓ£ô[39m src/pages/checkout/paymentRetryFlow.test.ts [2m([22m[2m4 tests[22m[2m)[22m[32m 26[2mms[22m[39m
 [32mΓ£ô[39m src/__tests__/renderableMedia.test.ts [2m([22m[2m2 tests[22m[2m)[22m[32m 15[2mms[22m[39m
 [32mΓ£ô[39m src/__tests__/financeSettlementPolicyForm.test.ts [2m([22m[2m2 tests[22m[2m)[22m[32m 17[2mms[22m[39m
 [32mΓ£ô[39m src/__tests__/passwordPolicy.test.ts [2m([22m[2m1 test[22m[2m)[22m[32m 12[2mms[22m[39m
 [32mΓ£ô[39m src/lib/searchRouting.test.ts [2m([22m[2m3 tests[22m[2m)[22m[32m 16[2mms[22m[39m
 [32mΓ£ô[39m src/__tests__/sizingUtils.test.ts [2m([22m[2m4 tests[22m[2m)[22m[32m 22[2mms[22m[39m
[90mstderr[2m | src/__tests__/searchSuggestions.test.ts
[22m[39mUsing fallback value for VITE_APP_URL; configure this via environment variables for other environments.

 [32mΓ£ô[39m src/__tests__/searchSuggestions.test.ts [2m([22m[2m2 tests[22m[2m)[22m[32m 16[2mms[22m[39m
 [32mΓ£ô[39m src/__tests__/navigation.test.ts [2m([22m[2m3 tests[22m[2m)[22m[32m 11[2mms[22m[39m
 [32mΓ£ô[39m src/lib/inAppPaymentSession.test.ts [2m([22m[2m3 tests[22m[2m)[22m[32m 12[2mms[22m[39m
 [32mΓ£ô[39m src/__tests__/storeApi.test.ts [2m([22m[2m1 test[22m[2m)[22m[32m 12[2mms[22m[39m

[31mΓÄ»ΓÄ»ΓÄ»ΓÄ»ΓÄ»ΓÄ»[39m[1m[41m Failed Tests 14 [49m[22m[31mΓÄ»ΓÄ»ΓÄ»ΓÄ»ΓÄ»ΓÄ»ΓÄ»[39m

[41m[1m FAIL [22m[49m src/__tests__/checkoutStatusCopy.test.ts[2m > [22mcheckoutStatusCopy[2m > [22mkeeps 
surface-specific wording while sharing the same status semantics
[31m[1mAssertionError[22m: expected 'Your order is placed successfully' to be 'Payment confirmed' // Object.is 
equality[39m

Expected: [32m"Payment confirmed"[39m
Received: [31m"Your order is placed successfully"[39m

[36m [2mΓ¥»[22m src/__tests__/checkoutStatusCopy.test.ts:[2m12:33[22m[39m
    [90m 10|[39m     const confirmationCopy = getCheckoutStatusCopy('confirmation', 'PAΓÇª
    [90m 11|[39m
    [90m 12|[39m     [34mexpect[39m(returnCopy[33m.[39mheadline)[33m.[39m[34mtoBe[39m([32m'Payment 
confirmed'[39m)[33m;[39m
    [90m   |[39m                                 [31m^[39m
    [90m 13|[39m     [34mexpect[39m(confirmationCopy[33m.[39mheadline)[33m.[39m[34mtoBe[39m([32m'Payment 
confirmed'[39m)[33m;[39m
    [90m 14|[39m     expect(returnCopy.description).not.toBe(confirmationCopy.descriptiΓÇª

[31m[2mΓÄ»ΓÄ»ΓÄ»ΓÄ»ΓÄ»ΓÄ»ΓÄ»ΓÄ»ΓÄ»ΓÄ»ΓÄ»ΓÄ»ΓÄ»ΓÄ»ΓÄ»ΓÄ»ΓÄ»ΓÄ»ΓÄ»ΓÄ»ΓÄ»ΓÄ»ΓÄ»[1/14]ΓÄ»[22m[39m

[41m[1m FAIL [22m[49m src/__tests__/CustomOrderConfigurationEditor.test.tsx[2m > 
[22mCustomOrderConfigurationEditor[2m > [22msaves a new custom-order configuration for a persisted source
[41m[1m FAIL [22m[49m src/__tests__/CustomOrderConfigurationEditor.test.tsx[2m > 
[22mCustomOrderConfigurationEditor[2m > [22mrequires rush fee and rush lead days before saving when rush is enabled
[41m[1m FAIL [22m[49m src/__tests__/CustomOrderConfigurationEditor.test.tsx[2m > 
[22mCustomOrderConfigurationEditor[2m > [22mshows rush fee validation inline and blocks save when the rush fee is 
invalid
[41m[1m FAIL [22m[49m src/__tests__/CustomOrderConfigurationEditor.test.tsx[2m > 
[22mCustomOrderConfigurationEditor[2m > [22mcreates a hidden fabric-rule basis when none exists yet
[31m[1mAssertionError[22m[39m: expected [ <button ΓÇª(3)>ΓÇª(1)</button>, ΓÇª(1) ] to have a length of 1 but got 2

Ignored nodes: comments, script, style
[36m<html>[39m
  [36m<head />[39m
  [36m<body>[39m
    [36m<div>[39m
      [36m<section[39m
        [33mclass[39m=[32m"rounded-xl border border-black/10 bg-white/80 p-3 dark:border-white/10 
dark:bg-white/5"[39m
      [36m>[39m
        [36m<div[39m
          [33mclass[39m=[32m"flex flex-wrap items-center justify-between gap-2 mb-3"[39m
        [36m>[39m
          [36m<p[39m
            [33mclass[39m=[32m"text-xs text-slate-600 dark:text-slate-300"[39m
          [36m>[39m
            [0mConfigure the production charge and customer-facing policies.[0m
          [36m</p>[39m
          [36m<div[39m
            [33mclass[39m=[32m"rounded-full border border-black/10 px-2.5 py-0.5 text-[10px] font-semibold 
text-slate-700 dark:border-white/10 dark:text-slate-200"[39m
          [36m>[39m
            [0mNo config yet[0m
          [36m</div>[39m
        [36m</div>[39m
        [36m<label[39m
          [33mclass[39m=[32m"block"[39m
        [36m>[39m
          [36m<span[39m
            [33mclass[39m=[32m"mb-2 flex items-center gap-2 text-xs font-semibold uppercase tracking-wide 
text-slate-500 dark:text-slate-400"[39m
          [36m>[39m
            [0mBuyer instructions[0m
            [36m<span[39m
              [33mclass[39m=[32m"inline-flex h-4 w-4 items-center justify-center rounded-full bg-black/[0.06] 
text-[10px] leading-none dark:bg-white/[0.1]"[39m
              [33mtitle[39m=[32m"Optional guidance shown to buyers before they submit measurements."[39m
            [36m>[39m
              [0mi[0m
            [36m</span>[39m
          [36m</span>[39m
          [36m<textarea[39m
            [33mclass[39m=[32m"w-full rounded-xl border border-black/10 bg-white px-2.5 py-1.5 text-xs 
text-slate-900 outline-none transition focus:border-emerald-400 dark:border-white/10 dark:bg-slate-950 
dark:text-white"[39m
            [33mrows[39m=[32m"1"[39m
          [36m/>[39m
        [36m</label>[39m
        [36m<div[39m
          [33mclass[39m=[32m"mt-2 grid grid-cols-2 gap-2"[39m
        [36m>[39m
          [36m<label[39m
            [33mclass[39m=[32m"block"[39m
          [36m>[39m
            [36m<span[39m
              [33mclass[39m=[32m"mb-2 flex items-center gap-2 text-xs font-semibold uppercase tracking-wide 
text-slate-500 dark:text-slate-400"[39m
            [36m>[39m
              [0mBase charge [0m
              [36m<span[39m
                [33mclass[39m=[32m"text-rose-500"[39m
              [36m>[39m
                [0m*[0m
              [36m</span>[39m
              [36m<span[39m
                [33mclass[39m=[32m"inline-flex h-4 w-4 items-center justify-center rounded-full bg-black/[0.06] 
text-[10px] leading-none dark:bg-white/[0.1]"[39m
                [33mtitle[39m=[32m"Labor and production-only cost, excluding fabric yard cost."[39m
              [36m>[39m
                [0mi[0m
              [36m</span>[39m
            [36m</span>[39m
            [36m<input[39m
              [33mclass[39m=[32m"w-full rounded-xl border border-black/10 bg-white px-2.5 py-1.5 text-xs 
text-slate-900 outline-none transition focus:border-emerald-400 dark:border-white/10 dark:bg-slate-950 
dark:text-white"[39m
              [33mplaceholder[39m=[32m"120000"[39m
              [33mvalue[39m=[32m""[39m
            [36m/>[39m
          [36m</label>[39m
          [36m<label[39m
            [33mclass[39m=[32m"block"[39m
          [36m>[39m
            [36m<span[39m
              [33mclass[39m=[32m"mb-2 flex items-center gap-2 text-xs font-semibold uppercase tracking-wide 
text-slate-500 dark:text-slate-400"[39m
            [36m>[39m
              [0mMaterial cost per yard [0m
              [36m<span[39m
                [33mclass[39m=[32m"text-rose-500"[39m
              [36m>[39m
                [0m*[0m
              [36m</span>[39m
              [36m<span[39m
                [33mclass[39m=[32m"inline-flex h-4 w-4 items-center justify-center rounded-full bg-black/[0.06] 
text-[10px] leading-none dark:bg-white/[0.1]"[39m
                [33mtitle[39m=[32m"Estimated material cost used when pricing custom orders."[39m
              [36m>[39m
                [0mi[0m
              [36m</span>[39m
            [36m</span>[39m
            [36m<input[39m
              [33mclass[39m=[32m"w-full rounded-xl border border-black/10 bg-white px-2.5 py-1.5 text-xs 
text-slate-900 outline-none transition focus:border-emerald-400 dark:border-white/10 dark:bg-slate-950 
dark:text-white"[39m
              [33mplaceholder[39m=[32m"10000"[39m
              [33mvalue[39m=[32m""[39m
            [36m/>[39m
          [36m</label>[39m
        [36m</div>[39m
        [36m<div[39m
          [33mclass[39m=[32m"mt-2 grid grid-cols-3 gap-2"[39m
        [36m>[39m
          [36m<label[39m
            [33mclass[39m=[32m"block"[39m
          [36m>[39m
            [36m<span[39m
              [33mclass[39m=[32m"mb-2 flex items-center gap-2 text-xs font-semibold uppercase tracking-wide 
text-slate-500 dark:text-slate-400"[39m
            [36m>[39m
              [0mLead days [0m
              [36m<span[39m
                [33mclass[39m=[32m"text-rose-500"[39m
              [36m>[39m
                [0m*[0m
              [36m</span>[39m
              [36m<span[39m
                [33mclass[39m=[32m"inline-flex h-4 w-4 items-center justify-center rounded-full bg-black/[0.06] 
text-[10px] leading-none dark:bg-white/[0.1]"[39m
                [33mtitle[39m=[32m"Production days before dispatch."[39m
              [36m>[39m
                [0mi[0m
              [36m</span>[39m
            [36m</span>[39m
            [36m<input[39m
              [33mclass[39m=[32m"w-full rounded-xl border border-black/10 bg-white px-2.5 py-1.5 text-xs 
text-slate-900 outline-none transition focus:border-emerald-400 dark:border-white/10 dark:bg-slate-950 
dark:text-white"[39m
              [33mplaceholder[39m=[32m"7"[39m
              [33mvalue[39m=[32m"7"[39m
            [36m/>[39m
          [36m</label>[39m
          [36m<label[39m
            [33mclass[39m=[32m"block"[39m
          [36m>[39m
            [36m<span[39m
              [33mclass[39m=[32m"mb-2 flex items-center gap-2 text-xs font-semibold uppercase tracking-wide 
text-slate-500 dark:text-slate-400"[39m
            [36m>[39m
              [0mMin delivery [0m
              [36m<span[39m
                [33mclass[39m=[32m"text-rose-500"[39m
              [36m>[39m
                [0m*[0m
              [36m</span>[39m
              [36m<span[39m
                [33mclass[39m=[32m"inline-flex h-4 w-4 items-center justify-center rounded-full bg-black/[0.06] 
text-[10px] leading-none dark:bg-white/[0.1]"[39m
                [33mtitle[39m=[32m"Fastest delivery target after dispat...

[32m- Expected[39m
[31m+ Received[39m

[32m- 1[39m
[31m+ 2[39m

[36m [2mΓ¥»[22m src/__tests__/CustomOrderConfigurationEditor.test.tsx:[2m95:64[22m[39m
    [90m 93|[39m     [35mawait[39m 
user[33m.[39m[34mclick[39m(screen[33m.[39m[34mgetByRole[39m([32m'button'[39m[33m,[39m { name[33m:[39m 
[32m'Add key'[39m }))[33m;[39m
    [90m 94|[39m     [35mawait[39m [34mwaitFor[39m(() [33m=>[39m {
    [90m 95|[39m       expect(screen.queryAllByTitle('Remove measurement key')).toHaveLΓÇª
    [90m   |[39m                                                                [31m^[39m
    [90m 96|[39m     })[33m;[39m
    [90m 97|[39m   }[33m;[39m
[90m [2mΓ¥»[22m runWithExpensiveErrorDiagnosticsDisabled 
node_modules/@testing-library/dom/dist/config.js:[2m47:12[22m[39m
[90m [2mΓ¥»[22m checkCallback node_modules/@testing-library/dom/dist/wait-for.js:[2m124:77[22m[39m
[90m [2mΓ¥»[22m Timeout.checkRealTimersCallback 
node_modules/@testing-library/dom/dist/wait-for.js:[2m118:16[22m[39m

[31m[2mΓÄ»ΓÄ»ΓÄ»ΓÄ»ΓÄ»ΓÄ»ΓÄ»ΓÄ»ΓÄ»ΓÄ»ΓÄ»ΓÄ»ΓÄ»ΓÄ»ΓÄ»ΓÄ»ΓÄ»ΓÄ»ΓÄ»ΓÄ»ΓÄ»ΓÄ»ΓÄ»[2/14]ΓÄ»[22m[39m

[41m[1m FAIL [22m[49m src/__tests__/CustomOrderOpsConsole.test.tsx[2m > [22mCustom-order operations consoles[2m 
> [22mrequires confirmation before a brand accepts a custom order
[31m[1mError[22m: could not find react-redux context value; please ensure the component is wrapped in a 
<Provider>[39m
[90m [2mΓ¥»[22m useReduxContext2 node_modules/react-redux/src/hooks/useReduxContext.ts:[2m17:12[22m[39m
[90m [2mΓ¥»[22m useReduxContext node_modules/react-redux/src/hooks/useSelector.ts:[2m162:25[22m[39m
[36m [2mΓ¥»[22m OrderChatDrawer src/components/messaging/OrderChatDrawer.tsx:[2m37:19[22m[39m
    [90m 35|[39m   highlightMessageId[33m,[39m
    [90m 36|[39m }) [33m=>[39m {
    [90m 37|[39m   [35mconst[39m profile [33m=[39m [34museSelector[39m((s[33m:[39m [33mRootState[39m) 
[33m=>[39m s[33m.[39muser[33m.[39mprofile)[33m;[39m
    [90m   |[39m                   [31m^[39m
    [90m 38|[39m   [35mconst[39m myId [33m=[39m profile[33m?.[39mid[33m;[39m
    [90m 39|[39m   [35mconst[39m { onNotification[33m,[39m onMessageEvent } [33m=[39m 
[34museRealtime[39m()[33m;[39m
[90m [2mΓ¥»[22m Object.react-stack-bottom-frame 
node_modules/react-dom/cjs/react-dom-client.development.js:[2m23863:20[22m[39m
[90m [2mΓ¥»[22m renderWithHooks node_modules/react-dom/cjs/react-dom-client.development.js:[2m5529:22[22m[39m
[90m [2mΓ¥»[22m updateFunctionComponent 
node_modules/react-dom/cjs/react-dom-client.development.js:[2m8897:19[22m[39m
[90m [2mΓ¥»[22m updateSimpleMemoComponent 
node_modules/react-dom/cjs/react-dom-client.development.js:[2m8752:14[22m[39m
[90m [2mΓ¥»[22m updateMemoComponent node_modules/react-dom/cjs/react-dom-client.development.js:[2m8685:13[22m[39m
[90m [2mΓ¥»[22m beginWork node_modules/react-dom/cjs/react-dom-client.development.js:[2m10950:18[22m[39m
[90m [2mΓ¥»[22m runWithFiberInDEV node_modules/react-dom/cjs/react-dom-client.development.js:[2m1522:13[22m[39m

[31m[2mΓÄ»ΓÄ»ΓÄ»ΓÄ»ΓÄ»ΓÄ»ΓÄ»ΓÄ»ΓÄ»ΓÄ»ΓÄ»ΓÄ»ΓÄ»ΓÄ»ΓÄ»ΓÄ»ΓÄ»ΓÄ»ΓÄ»ΓÄ»ΓÄ»ΓÄ»ΓÄ»[3/14]ΓÄ»[22m[39m

[41m[1m FAIL [22m[49m src/__tests__/MyOrders.test.tsx[2m > [22mMyOrders review CTA gating[2m > [22mhides write 
review CTA when runtime write access is disabled
[31m[1mTestingLibraryElementError[22m[39m: Unable to find an element with the text: Reviews are temporarily 
unavailable.. This could be because the text is broken up by multiple elements. In this case, you can provide a 
function for your text matcher to make your matcher more flexible.

Ignored nodes: comments, script, style
[36m<body>[39m
  [36m<div>[39m
    [36m<div[39m
      [33mclass[39m=[32m"mx-auto max-w-5xl space-y-6 px-4 py-8"[39m
    [36m>[39m
      [36m<div[39m
        [33mclass[39m=[32m"space-y-3"[39m
      [36m>[39m
        [36m<button[39m
          [33mclass[39m=[32m"inline-flex items-center gap-2 text-sm font-semibold text-gray-600 transition-colors 
hover:text-black dark:text-gray-300 dark:hover:text-white"[39m
          [33mtype[39m=[32m"button"[39m
        [36m>[39m
          [36m<span[39m
            [33maria-hidden[39m=[32m"true"[39m
          [36m>[39m
            [0mΓåÉ[0m
          [36m</span>[39m
          [0mBack[0m
        [36m</button>[39m
        [36m<nav[39m
          [33mclass[39m=[32m"flex flex-wrap items-center gap-2 text-xs font-semibold uppercase tracking-[0.16em] 
text-gray-500 dark:text-gray-400"[39m
        [36m>[39m
          [36m<a[39m
            [33mclass[39m=[32m"transition-colors hover:text-black dark:hover:text-white"[39m
            [33mdata-discover[39m=[32m"true"[39m
            [33mhref[39m=[32m"/"[39m
          [36m>[39m
            [0mHome[0m
          [36m</a>[39m
          [36m<span>[39m
            [0m/[0m
          [36m</span>[39m
          [36m<span[39m
            [33mclass[39m=[32m"text-gray-900 dark:text-white"[39m
          [36m>[39m
            [0mOrders[0m
          [36m</span>[39m
        [36m</nav>[39m
        [36m<div>[39m
          [36m<h1[39m
            [33mclass[39m=[32m"text-2xl font-bold tracking-tight text-gray-900 dark:text-white"[39m
          [36m>[39m
            [0mYour Orders[0m
          [36m</h1>[39m
          [36m<p[39m
            [33mclass[39m=[32m"mt-1 text-sm text-gray-500 dark:text-gray-400"[39m
          [36m>[39m
            [0mTrack standard purchases and custom requests from one workspace.[0m
          [36m</p>[39m
        [36m</div>[39m
      [36m</div>[39m
      [36m<section[39m
        [33mclass[39m=[32m"rounded-2xl border border-gray-200 bg-white p-2 dark:border-white/10 
dark:bg-white/[0.03]"[39m
      [36m>[39m
        [36m<div[39m
          [33mclass[39m=[32m"flex flex-wrap gap-2"[39m
        [36m>[39m
          [36m<button[39m
            [33mclass[39m=[32m"rounded-full px-4 py-2 text-sm font-semibold transition-colors bg-gray-900 
text-white dark:bg-white dark:text-gray-900"[39m
            [33mtype[39m=[32m"button"[39m
          [36m>[39m
            [0mStandard Orders[0m
          [36m</button>[39m
          [36m<button[39m
            [33mclass[39m=[32m"rounded-full px-4 py-2 text-sm font-semibold transition-colors text-gray-500 
hover:text-gray-800 dark:text-gray-400 dark:hover:text-white"[39m
            [33mtype[39m=[32m"button"[39m
          [36m>[39m
            [0mCustom Orders[0m
          [36m</button>[39m
        [36m</div>[39m
      [36m</section>[39m
      [36m<div[39m
        [33mclass[39m=[32m"flex flex-col items-center justify-center py-20"[39m
      [36m>[39m
        [36m<div[39m
          [33maria-live[39m=[32m"polite"[39m
          [33mclass[39m=[32m"inline-flex flex-col items-center justify-center "[39m
          [33mrole[39m=[32m"status"[39m
        [36m>[39m
          [36m<div[39m
            [33maria-label[39m=[32m"Winding thread 8%"[39m
            [33mclass[39m=[32m"relative rounded-full p-[3px]"[39m
            [33mstyle[39m=[32m"width: 48px; height: 48px; background: conic-gradient(rgba(147,51,234,0.95) 28.8deg, 
rgba(255,255,255,0.1) 0deg);"[39m
          [36m>[39m
            [36m<div[39m
              [33mclass[39m=[32m"relative flex h-full w-full items-center justify-center rounded-full 
bg-transparent text-purple-600 dark:text-fuchsia-300"[39m
            [36m>[39m
              [36m<span[39m
                [33maria-hidden[39m=[32m"true"[39m
                [33mclass[39m=[32m"text-[1.45rem] leading-none animate-[spin_1.8s_linear_infinite]"[39m
              [36m>[39m
                [0m≡ƒº╡[0m
              [36m</span>[39m
            [36m</div>[39m
          [36m</div>[39m
          [36m<div[39m
            [33mclass[39m=[32m"mt-2 text-center"[39m
          [36m>[39m
            [36m<p[39m
              [33mclass[39m=[32m"text-[11px] font-semibold text-slate-700 dark:text-slate-200"[39m
            [36m>[39m
              [0mWinding thread[0m
            [36m</p>[39m
            [36m<p[39m
              [33mclass[39m=[32m"text-sm font-extrabold text-purple-600 dark:text-fuchsia-300"[39m
            [36m>[39m
              [0m8[0m
              [0m% complete[0m
            [36m</p>[39m
          [36m</div>[39m
        [36m</div>[39m
        [36m<p[39m
          [33mclass[39m=[32m"mt-4 text-sm text-gray-500"[39m
        [36m>[39m
          [0mLoading orders...[0m
        [36m</p>[39m
      [36m</div>[39m
    [36m</div>[39m
  [36m</div>[39m
[36m</body>[39m
[90m [2mΓ¥»[22m Object.getElementError node_modules/@testing-library/dom/dist/config.js:[2m37:19[22m[39m
[90m [2mΓ¥»[22m node_modules/@testing-library/dom/dist/query-helpers.js:[2m76:38[22m[39m
[90m [2mΓ¥»[22m node_modules/@testing-library/dom/dist/query-helpers.js:[2m52:17[22m[39m
[90m [2mΓ¥»[22m node_modules/@testing-library/dom/dist/query-helpers.js:[2m95:19[22m[39m
[36m [2mΓ¥»[22m src/__tests__/MyOrders.test.tsx:[2m84:19[22m[39m
    [90m 82|[39m
    [90m 83|[39m     expect(screen.queryByRole('button', { name: 'Γ¡É Write review' })).nΓÇª
    [90m 84|[39m     expect(screen.getByText('Reviews are temporarily unavailable.')).tΓÇª
    [90m   |[39m                   [31m^[39m
    [90m 85|[39m   })[33m;[39m
    [90m 86|[39m })[33m;[39m

[31m[2mΓÄ»ΓÄ»ΓÄ»ΓÄ»ΓÄ»ΓÄ»ΓÄ»ΓÄ»ΓÄ»ΓÄ»ΓÄ»ΓÄ»ΓÄ»ΓÄ»ΓÄ»ΓÄ»ΓÄ»ΓÄ»ΓÄ»ΓÄ»ΓÄ»ΓÄ»ΓÄ»[4/14]ΓÄ»[22m[39m

[41m[1m FAIL [22m[49m src/__tests__/OrderDetail.test.tsx[2m > [22mOrderDetail[2m > [22mrenders the order 
detail without the conversation panel
[31m[1mTestingLibraryElementError[22m[39m: Unable to find an element with the text: Order QR Code. This could be 
because the text is broken up by multiple elements. In this case, you can provide a function for your text matcher to 
make your matcher more flexible.

Ignored nodes: comments, script, style
[36m<body>[39m
  [36m<div>[39m
    [36m<div[39m
      [33mclass[39m=[32m"mx-auto max-w-5xl space-y-6 px-4 py-10"[39m
    [36m>[39m
      [36m<div[39m
        [33mclass[39m=[32m"flex flex-wrap items-center gap-2 text-sm text-gray-500 dark:text-gray-400"[39m
      [36m>[39m
        [36m<button[39m
          [33mclass[39m=[32m"font-semibold transition-colors hover:text-black dark:hover:text-white"[39m
          [33mtype[39m=[32m"button"[39m
        [36m>[39m
          [0mBack[0m
        [36m</button>[39m
        [36m<span>[39m
          [0m/[0m
        [36m</span>[39m
        [36m<button[39m
          [33mclass[39m=[32m"transition-colors hover:text-black dark:hover:text-white"[39m
          [33mtype[39m=[32m"button"[39m
        [36m>[39m
          [0mOrders[0m
        [36m</button>[39m
        [36m<span>[39m
          [0m/[0m
        [36m</span>[39m
        [36m<span[39m
          [33mclass[39m=[32m"font-medium text-gray-900 dark:text-white"[39m
        [36m>[39m
          [0m#[0m
          [0morder-1[0m
        [36m</span>[39m
      [36m</div>[39m
      [36m<section[39m
        [33mclass[39m=[32m"relative overflow-hidden rounded-[2.5rem] border border-white/40 bg-white/50 p-2 
shadow-sm backdrop-blur-2xl dark:border-white/10 dark:bg-black/20"[39m
      [36m>[39m
        [36m<div[39m
          [33mclass[39m=[32m"relative overflow-hidden rounded-[2rem] bg-white/60 p-6 shadow-sm ring-1 ring-inset 
ring-black/5 dark:bg-white/[0.02] dark:ring-white/10"[39m
        [36m>[39m
          [36m<div[39m
            [33mclass[39m=[32m"grid gap-6 md:grid-cols-[180px_minmax(0,1fr)]"[39m
          [36m>[39m
            [36m<div[39m
              [33mclass[39m=[32m"overflow-hidden rounded-3xl border border-gray-200 bg-gray-50 dark:border-white/10 
dark:bg-white/[0.04]"[39m
            [36m>[39m
              [36m<img[39m
                [33malt[39m=[32m"Browns"[39m
              [36m/>[39m
            [36m</div>[39m
            [36m<div[39m
              [33mclass[39m=[32m"space-y-4"[39m
            [36m>[39m
              [36m<div[39m
                [33mclass[39m=[32m"flex flex-wrap items-start justify-between gap-4"[39m
              [36m>[39m
                [36m<div[39m
                  [33mclass[39m=[32m"space-y-2"[39m
                [36m>[39m
                  [36m<div[39m
                    [33mclass[39m=[32m"inline-flex items-center gap-2 rounded-full px-3 py-1 text-xs font-semibold 
bg-slate-100 text-slate-700 dark:bg-white/10 dark:text-slate-300"[39m
                  [36m>[39m
                    [36m<span[39m
                      [33maria-hidden[39m=[32m"true"[39m
                    [36m>[39m
                      [0m≡ƒôª[0m
                    [36m</span>[39m
                    [0mPAID[0m
                  [36m</div>[39m
                  [36m<h1[39m
                    [33mclass[39m=[32m"text-2xl font-black tracking-tight text-gray-900 dark:text-white"[39m
                  [36m>[39m
                    [0mYour order has been placed[0m
                  [36m</h1>[39m
                  [36m<p[39m
                    [33mclass[39m=[32m"max-w-2xl text-sm leading-6 text-gray-600 dark:text-gray-300"[39m
                  [36m>[39m
                    [0mYou can track each fulfillment step here without leaving this page.[0m
                  [36m</p>[39m
                [36m</div>[39m
                [36m<div[39m
                  [33mclass[39m=[32m"text-right"[39m
                [36m>[39m
                  [36m<p[39m
                    [33mclass[39m=[32m"text-sm text-gray-500"[39m
                  [36m>[39m
                    [0mTotal[0m
                  [36m</p>[39m
                  [36m<p[39m
                    [33mclass[39m=[32m"text-3xl font-black text-gray-900 dark:text-white"[39m
                  [36m>[39m
                    [0mΓéª89,500.00[0m
                  [36m</p>[39m
                [36m</div>[39m
              [36m</div>[39m
              [36m<div[39m
                [33mclass[39m=[32m"grid gap-3 sm:grid-cols-2 xl:grid-cols-4"[39m
              [36m>[39m
                [36m<div[39m
                  [33mclass[39m=[32m"rounded-2xl border border-gray-200 bg-gray-50/80 px-4 py-3 
dark:border-white/10 dark:bg-white/[0.03]"[39m
                [36m>[39m
                  [36m<p[39m
                    [33mclass[39m=[32m"text-[11px] font-semibold uppercase tracking-[0.16em] text-gray-400 
dark:text-gray-500"[39m
                  [36m>[39m
                    [0mBrand[0m
                  [36m</p>[39m
                  [36m<p[39m
                    [33mclass[39m=[32m"mt-1 text-sm font-semibold text-gray-900 dark:text-white "[39m
                  [36m>[39m
                    [0mBrand[0m
                  [36m</p>[39m
                [36m</div>[39m
                [36m<div[39m
                  [33mclass[39m=[32m"rounded-2xl border border-gray-200 bg-gray-50/80 px-4 py-3 
dark:border-white/10 dark:bg-white/[0.03]"[39m
                [36m>[39m
                  [36m<p[39m
                    [33mclass[39m=[32m"text-[11px] font-semibold uppercase tracking-[0.16em] text-gray-400 
dark:text-gray-500"[39m
                  [36m>[39m
                    [0mOrder ID[0m
                  [36m</p>[39m
                  [36m<p[39m
                    [33mclass[39m=[32m"mt-1 text-sm font-semibold text-gray-900 dark:text-white font-mono"[39m
                  [36m>[39m
                    [0m#ORDER-1[0m
                  [36m</p>[39m
                [36m</div>[39m
                [36m<div[39m
                  [33mclass[39m=[32m"rounded-2xl border border-gray-200 bg-gray-50/80 px-4 py-3 
dark:border-white/10 dark:bg-white/[0.03]"[39m
                [36m>[39m
                  [36m<p[39m
                    [33mclass[39m=[32m"text-[11px] font-semibold uppercase tracking-[0.16em] text-gray-400 
dark:text-gray-500"[39m
                  [36m>[39m
                    [0mPlaced[0m
                  [36m</p>[39m
                  [36m<p[39m
                    [33mclass[39m=[32m"mt-1 text-sm font-semibold text-gray-900 dark:text-white "[39m
                  [36m>[39m
                    [0m20/03/2026, 05:28:36[0m
                  [36m</p>[39m
                [36m</div>[39m
                [36m<div[39m
                  [33mclass[39m=[32m"rounded-2xl border border-gray-200 bg-gray-50/80 px-4 py-3 
dark:border-white/10 dark:bg-white/[0.03]"[39m
                [36m>[39m
                  [36m<p[39m
                    [33mclass[39m=[32m"text-[11px] font-semibold uppercase tracking-[0.16em] text-gray-400 
dark:text-gray-500"[39m
                  [36m>[39m
                    [0mLatest update[0m
                  [36m</p>[39m
   ...
[90m [2mΓ¥»[22m Object.getElementError node_modules/@testing-library/dom/dist/config.js:[2m37:19[22m[39m
[90m [2mΓ¥»[22m node_modules/@testing-library/dom/dist/query-helpers.js:[2m76:38[22m[39m
[90m [2mΓ¥»[22m node_modules/@testing-library/dom/dist/query-helpers.js:[2m52:17[22m[39m
[90m [2mΓ¥»[22m node_modules/@testing-library/dom/dist/query-helpers.js:[2m95:19[22m[39m
[36m [2mΓ¥»[22m src/__tests__/OrderDetail.test.tsx:[2m104:19[22m[39m
    [90m102|[39m     })[33m;[39m
    [90m103|[39m
    [90m104|[39m     [34mexpect[39m(screen[33m.[39m[34mgetByText[39m([32m'Order QR 
Code'[39m))[33m.[39m[34mtoBeInTheDocument[39m()[33m;[39m
    [90m   |[39m                   [31m^[39m
    [90m105|[39m     [34mexpect[39m(screen[33m.[39m[34mgetByText[39m([32m'Review 
status'[39m))[33m.[39m[34mtoBeInTheDocument[39m()[33m;[39m
    [90m106|[39m     expect(screen.queryByText('Order conversation')).not.toBeInTheDocuΓÇª

[31m[2mΓÄ»ΓÄ»ΓÄ»ΓÄ»ΓÄ»ΓÄ»ΓÄ»ΓÄ»ΓÄ»ΓÄ»ΓÄ»ΓÄ»ΓÄ»ΓÄ»ΓÄ»ΓÄ»ΓÄ»ΓÄ»ΓÄ»ΓÄ»ΓÄ»ΓÄ»ΓÄ»[5/14]ΓÄ»[22m[39m

[41m[1m FAIL [22m[49m src/__tests__/visibilityControls.test.tsx[2m > [22mAddCollectionModal visibility 
controls[2m > [22mshows cooldown note when Private selected
[31m[1mTypeError[22m: window.matchMedia is not a function[39m
[36m [2mΓ¥»[22m Dropdown src/components/ui/Dropdown.tsx:[2m72:46[22m[39m
    [90m 70|[39m   [35mconst[39m resolvedOffset [33m=[39m
    [90m 71|[39m     offset [33m??[39m
    [90m 72|[39m     (typeof window !== 'undefined' && window.matchMedia('(pointer: coaΓÇª
    [90m   |[39m                                              [31m^[39m
    [90m 73|[39m       [33m?[39m [34m4[39m
    [90m 74|[39m       [33m:[39m [34m8[39m)[33m;[39m
[90m [2mΓ¥»[22m Object.react-stack-bottom-frame 
node_modules/react-dom/cjs/react-dom-client.development.js:[2m23863:20[22m[39m
[90m [2mΓ¥»[22m renderWithHooks node_modules/react-dom/cjs/react-dom-client.development.js:[2m5529:22[22m[39m
[90m [2mΓ¥»[22m updateFunctionComponent 
node_modules/react-dom/cjs/react-dom-client.development.js:[2m8897:19[22m[39m
[90m [2mΓ¥»[22m beginWork node_modules/react-dom/cjs/react-dom-client.development.js:[2m10522:18[22m[39m
[90m [2mΓ¥»[22m runWithFiberInDEV node_modules/react-dom/cjs/react-dom-client.development.js:[2m1522:13[22m[39m
[90m [2mΓ¥»[22m performUnitOfWork node_modules/react-dom/cjs/react-dom-client.development.js:[2m15140:22[22m[39m
[90m [2mΓ¥»[22m workLoopSync node_modules/react-dom/cjs/react-dom-client.development.js:[2m14956:41[22m[39m
[90m [2mΓ¥»[22m renderRootSync node_modules/react-dom/cjs/react-dom-client.development.js:[2m14936:11[22m[39m
[90m [2mΓ¥»[22m performWorkOnRoot node_modules/react-dom/cjs/react-dom-client.development.js:[2m14462:44[22m[39m

[31m[2mΓÄ»ΓÄ»ΓÄ»ΓÄ»ΓÄ»ΓÄ»ΓÄ»ΓÄ»ΓÄ»ΓÄ»ΓÄ»ΓÄ»ΓÄ»ΓÄ»ΓÄ»ΓÄ»ΓÄ»ΓÄ»ΓÄ»ΓÄ»ΓÄ»ΓÄ»ΓÄ»[6/14]ΓÄ»[22m[39m

[41m[1m FAIL [22m[49m src/__tests__/dashboard/FinancePage.test.tsx[2m > [22mFinancePage[2m > [22mrenders 
balance and payout history
[31m[1mTestingLibraryElementError[22m[39m: Unable to find an element with the text: Γéª15,000.00. This could be 
because the text is broken up by multiple elements. In this case, you can provide a function for your text matcher to 
make your matcher more flexible.

Ignored nodes: comments, script, style
[36m<body>[39m
  [36m<div>[39m
    [36m<div[39m
      [33mclass[39m=[32m"space-y-8 animate-in fade-in duration-500"[39m
    [36m>[39m
      [36m<div[39m
        [33mclass[39m=[32m"flex flex-col gap-2 sm:flex-row sm:items-center sm:justify-between"[39m
      [36m>[39m
        [36m<div>[39m
          [36m<h1[39m
            [33mclass[39m=[32m"text-2xl font-bold tracking-tight"[39m
          [36m>[39m
            [0mFinance[0m
          [36m</h1>[39m
          [36m<p[39m
            [33mclass[39m=[32m"text-sm text-gray-500 dark:text-gray-400"[39m
          [36m>[39m
            [0mReleased balances, incoming credits, and payout history.[0m
          [36m</p>[39m
        [36m</div>[39m
      [36m</div>[39m
      [36m<div[39m
        [33mclass[39m=[32m"overflow-hidden rounded-2xl border border-black/10 bg-slate-950 text-white shadow-sm 
dark:border-white/10"[39m
      [36m>[39m
        [36m<div[39m
          [33mclass[39m=[32m"flex flex-wrap items-center justify-between gap-4 px-5 py-4"[39m
        [36m>[39m
          [36m<div[39m
            [33mclass[39m=[32m"flex items-center gap-4"[39m
          [36m>[39m
            [36m<div>[39m
              [36m<div[39m
                [33mclass[39m=[32m"text-[10px] font-bold uppercase tracking-[0.28em] text-slate-400"[39m
              [36m>[39m
                [0mAvailable balance[0m
              [36m</div>[39m
              [36m<div[39m
                [33mclass[39m=[32m"mt-1 text-2xl font-bold tracking-tight"[39m
              [36m>[39m
                [0mΓéª0.00[0m
              [36m</div>[39m
            [36m</div>[39m
            [36m<div[39m
              [33maria-hidden[39m=[32m"true"[39m
              [33mclass[39m=[32m"text-2xl"[39m
            [36m>[39m
              [0m≡ƒÆ░[0m
            [36m</div>[39m
          [36m</div>[39m
          [36m<div[39m
            [33mclass[39m=[32m"flex flex-wrap items-center gap-2"[39m
          [36m>[39m
            [36m<button[39m
              [33mclass[39m=[32m"rounded-full bg-white px-4 py-2 text-sm font-semibold text-black 
transition-opacity hover:opacity-90 disabled:cursor-not-allowed disabled:opacity-50 dark:bg-slate-800 
dark:text-white"[39m
              [33mdisabled[39m=[32m""[39m
              [33mtype[39m=[32m"button"[39m
            [36m>[39m
              [0mRequest payout[0m
            [36m</button>[39m
            [36m<div[39m
              [33mclass[39m=[32m"text-xs text-slate-400"[39m
            [36m>[39m
              [0mMin. Γéª5,000[0m
            [36m</div>[39m
          [36m</div>[39m
        [36m</div>[39m
        [36m<div[39m
          [33mclass[39m=[32m"grid grid-cols-2 border-t border-white/10 sm:grid-cols-4"[39m
        [36m>[39m
          [36m<div[39m
            [33mclass[39m=[32m"px-5 py-3 border-b border-white/10 sm:border-b-0 sm:border-r"[39m
          [36m>[39m
            [36m<div[39m
              [33mclass[39m=[32m"text-[10px] font-bold uppercase tracking-[0.2em] text-slate-400"[39m
            [36m>[39m
              [0mReleased[0m
            [36m</div>[39m
            [36m<div[39m
              [33mclass[39m=[32m"mt-1 text-base font-bold"[39m
            [36m>[39m
              [0mΓéª0.00[0m
            [36m</div>[39m
            [36m<div[39m
              [33mclass[39m=[32m"mt-0.5 text-[11px] text-slate-500"[39m
            [36m>[39m
              [0mUnlocked by milestones[0m
            [36m</div>[39m
          [36m</div>[39m
          [36m<div[39m
            [33mclass[39m=[32m"px-5 py-3 border-b border-white/10 sm:border-b-0 sm:border-r"[39m
          [36m>[39m
            [36m<div[39m
              [33mclass[39m=[32m"text-[10px] font-bold uppercase tracking-[0.2em] text-slate-400"[39m
            [36m>[39m
              [0mReserved[0m
            [36m</div>[39m
            [36m<div[39m
              [33mclass[39m=[32m"mt-1 text-base font-bold"[39m
            [36m>[39m
              [0mΓéª0.00[0m
            [36m</div>[39m
            [36m<div[39m
              [33mclass[39m=[32m"mt-0.5 text-[11px] text-slate-500"[39m
            [36m>[39m
              [0mIn payout flow[0m
            [36m</div>[39m
          [36m</div>[39m
          [36m<div[39m
            [33mclass[39m=[32m"px-5 py-3 border-b border-white/10 sm:border-b-0 sm:border-r"[39m
          [36m>[39m
            [36m<div[39m
              [33mclass[39m=[32m"text-[10px] font-bold uppercase tracking-[0.2em] text-slate-400"[39m
            [36m>[39m
              [0mPaid out[0m
            [36m</div>[39m
            [36m<div[39m
              [33mclass[39m=[32m"mt-1 text-base font-bold"[39m
            [36m>[39m
              [0mΓéª0.00[0m
            [36m</div>[39m
            [36m<div[39m
              [33mclass[39m=[32m"mt-0.5 text-[11px] text-slate-500"[39m
            [36m>[39m
              [0mSettled to bank[0m
            [36m</div>[39m
          [36m</div>[39m
          [36m<div[39m
            [33mclass[39m=[32m"px-5 py-3 "[39m
          [36m>[39m
            [36m<div[39m
              [33mclass[39m=[32m"text-[10px] font-bold uppercase tracking-[0.2em] text-slate-400"[39m
            [36m>[39m
              [0mIncoming[0m
            [36m</div>[39m
            [36m<div[39m
              [33mclass[39m=[32m"mt-1 text-base font-bold"[39m
            [36m>[39m
              [0mΓéª0.00[0m
            [36m</div>[39m
            [36m<div[39m
              [33mclass[39m=[32m"mt-0.5 text-[11px] text-slate-500"[39m
            [36m>[39m
              [0m0 paid orders[0m
            [36m</div>[39m
          [36m</div>[39m
        [36m</div>[39m
      [36m</div>[39m
      [36m<section[39m
        [33mclass[39m=[32m"overflow-hidden rounded-3xl border border-gray-100 bg-white shadow-sm 
dark:border-gray-800 dark:bg-gray-900/50"[39m
      [36m>[39m
        [36m<div[39m
          [33mclass[39m=[32m"border-b border-gray-100 px-6 py-5 dark:border-gray-800"[39m
        [36m>[39m
          [36m<div[39m
            [33mclass[39m=[32m"flex flex-col gap-3 sm:flex-row sm:items-start sm:justify-between"[39m
          [36m>[39m
            [36m<div>[39m
              [36m<h2[39m
                [33mclass[39m=[32m"text-lg font-semibold"[39m
              [36m>[39m
                [0mHeld Funds[0m
              [36m</h2>[39m
              [36m<p[39m
                [33mclass[39m=[32m"mt-1 text-sm text-gray-500 dark:text-gray-400"[39m
              [36m>[39m
                [0mEscrowed funds that are still waiting on delivery confirmation, release milestones, or admin 
action.[0m
              [36m</p>[39m
            [36m</div>[39m
            [36m<div[39m
              [33mclass[39m=[32m"inline-flex items-center gap-2 rounded-full bg-amber-50 px-3 py-1.5 text-xs 
font-semibold text-amber-700 dark:bg-amber-500/10 dark:text-amber-200"[39m
            [36m>[39m
              [36m<span[39m
                [33maria-hidden[39m=[32m"true"[39m
              [36m>[39m
                [0m≡ƒöÆ[0m
              [36m</span>[39m
              [0m0[0m
              [0m open hold[0m
              [0ms[0m
            [36m</div>[39m
          [36m</div>[39m
        [36m</div>[39m
        [36m<div[39m
          [33mclass[39m=[32m"overflow-x-auto scrollbar-hide"[39m
        [36m>[39m
          [36m<table[39m
            [33mclass[39m=[32m"w-full min-w-[760px] text-left text-sm"[39m
          [36m>[39m
            [36m<thead[39m
              [33mclass[39m=[32m"bg-gray-50 text-gray-500 dark:bg-gray-800/50 dark:text-gray-400"[39m
            [36m>[39m
              [36m<tr>[39m
                [36m<th[39m
                  [33mclass[39m=[32m"px-6 py-4 font-medium"[39m
                [36m>[39m
                  [0mReference[0m
                [36m</th>[39m
                [36m<th[39m
                  [33mclass[39m=[32m"px-6 py-4 font-medium"[39m
                [36m>[39m
                  [0mBuyer[0m
                [36m</th>[39m
                [36m<th[39m
                  [33mclass[39m=[32m"px-6 py-4 font-medium"[39m
                [36m>[39m
                  [0mGross[0m
                [36m</th>[39m
                [36m<th[39m
                  [33mclass[39m=[32m"px-6 py-4 font-medium"[39m
                [36m>[39m
                  [0mCommission[0m
                [36m</th>[39m
                [36m<th[39m
                  [33mclass[39m=[32m"px-6 py-4 font-medium"[39m
                [36m>[39m
                  [0mReleased[0m
                [36m</th>[39m
                [36m<th[39m
                  [33mclass[39m=[32m"px-6 py-4 font-medium"[39m
                [36m>[39m
                  [0mStill held[0m
                [36m</th>[39m
                [36m<th[39m
                  [33mclass[39m=[32m"px-6 py-4 font-medium"[39m
                [36m>[39m
                  [0mRelease rule[0m
                [36m</th>[39m
                [36m<th[39m
                  [33mclass[39m=[32m"px-6 py-4 font-medium"[39m
                [36m>[39m
                  [0mStatus[0m
                [36m</th>[39m
              [36m</tr>[39m
            [36m</thead>[39m
            [36m<tbody[39m
              [33mclass[39m=[32m"divide-y divide-gray-100 dark:divide-gray-800"[39m
            [36m>[39m
              [36m<tr>[39m
                [36m<td[39m
                  [33mclass[39m=[32m"px-6 py-12 text-center text-gray-500 dark:text-gray-400"[39m
                  [33mcolspan[39m=[32m"8"[39m
                [36m>[39m
                  [0mNo held funds right now.[0m
                [36m</td>[39m
              [36m</tr>[39m
            [36m</tbody>[39m
          [36m</table>[39m
        [36m</div>[39m
      [36m</section>[39m
      [36m<section[39m
        [33mclass[39m=[32m"overflow-hidden rounded-3xl border border-gray-100 bg-white shadow-sm 
dark:border-gray-800 dark:bg-gray-900/50"[39m
      [36m>[39m
        [36m<div[39m
          [33mclass[39m=[32m"border-b border-gray-100 px-6 py-5 dark:border-gray-800"[39m
        [36m>[39m
          [36m<div[39m
            [33mclass[39m=[32m"flex flex-col gap-3 sm:flex-row sm:items-start sm:justify-between"[39m
          [36m>[39m
            [36m<div>[39m
              [36m<h2[39m
                [33mclass[39m=[32m"text-lg font-semibold"[39m
              [36m>[39m
                [0mIncoming Transactions[0m
              [36m</h2>[39m
              [36m<p[39m
                [33mclass[39m=[32m"mt-1 text-sm text-gray-500 dark:text-gray-400"[39m
              [36m>[39m
                [0mCredits released into your brand wallet after shipment, delivery, or custom-order milestones.[0m
              [36m</p>[39m
            [36m</div>[39m
            [36m<div[39m
              [33mclass[39m=[32m"inline-flex items-center gap-2 rounded-full bg-violet-50 px-3 py-1.5 text-xs 
font-semibold text-violet-700 dark:bg-violet-500/10 dark:text-violet-200"[39m
            [36m>[39m
              [36m<span[39m
                [33maria-hidden[39m=[32m"true"[39m
              [36m>[39m
                [0mΓ£é∩╕Å[0m
              [36m</span>[39m
              [0m0[0m
              [0m custom-order credit[0m
              [0ms[0m
            [36m</div>[39m
          [36m</div>[39m
        [36m</div>[39m
        [36m<div[39m
          [33mclass[39m=[32m"overflow-x-auto scrollbar-hide"[39m
        [36m>[39m
          [36m<table[39m
            [33mclass[39m=[32m"w-full min-w-[620px] text-left text-sm sm:min-w-[700px] lg:min-w-[760px]"[39m
          [36m>[39m
            [36m<thead[39m
              [33mclass[39m=[32m"bg-gray-50 text-gray-500 dark:bg-gray-800/50 dark:text-gray-400"[39m
            [36m>[39m
              [36m<tr>[39m
                [36m<th[39m
                  [33mclass[39m=[32m"px-6 py-4 font-medium"[39m
                [36m>[39m
                  [0mTransaction[0m
                [36m</th>[39m
                [36m<th[39m
                  [33mclass[39m=[32m"px-6 py-4 font-medium"[39m
                [36m>[39m
                  [0mCounterparty[0m
                [36m</th>[39m
                [36m<th[39m
                  [33mclass[39m=[32m"px-6 py-4 font-medium"[39m
                [36m>[39m
                  [0mDate[0m
                [36m</th>[39m
                [36m<th[39m
                  [33mclass[39m=[32m"px-6 py-4 font-medium"[39m
                [36m>[39m
                  [0mGross[0m
                [36m</th>[39m
                [36m<th[39m
                  [33mclass[39m=[32m"px-6 py-4 font-medium"[39m
                [36m>[39m
                  [0mCommission[0m
                [36m</th>[39m
                [36m<th[39m
                  [33mclass[39m=[32m"px-6 py-4 font-medium"[39m
                [36m>[39m
                  [0mNet[0m
                [36m</th>[39m
                [36m<th[39m
                  [33mclass[39m=[32m"px-6 py-4 font-medium"[39m
                [36m>[39m
                  [0mStage[0m
                [36m</th>[39m
              [36m</tr>[39m
            [36m</thead>[39m
            [36m<tbody[39m
              [33mclass[39m=[32m"divide-y divide-gray-100 dark:divide-gray-800"[39m
            [36m>[39m
              [36m<tr>[39m
                [36m<td[39m
                  [33mclass[39m=[32m"px-6 py-12 text-center text-gray-500 dark:text-gray-400"[39m
                  [33mcolspan[39m=[32m"7"[39m
                [36m>[39m
                  [0mNo incoming transactions recorded yet.[0m
                [36m</td>[39m
              [36m</tr>[39m
            [36m</tbody>[39m
          [36m</table>[39m
        [36m</div>[39m
      [36m</section>[39m
      [36m<section[39m
        [33mclass[39m=[32m"overflow-hidden rounded-3xl border border-gray-100 bg-white shadow-sm 
dark:border-gray-800 dark:bg-gray-900/50"[39m
      [36m>[39m
        [36m<div[39m
          [33mclass[39m=[32m"border-b border-gray-100 px-6 py-5 dark:border-gray-800"[39m
        [36m>[39m
          [36m<h2[39m
            [33mclass[39m=[32m"text-lg font-semibold"[39m
          [36m>[39m
            [0mPayout History[0m
          [36m</h2>[39m
        [36m</div>[39m
        [36m<div[39m
          [33mclass[39m=[32m"overflow-x-auto scrollbar-hide"[39m
        [36m>[39m
          [36m<table[39m
            [33mclass[39m=[32m"w-full min-w-[560px] text-left text-sm sm:min-w-[620px] lg:min-w-[680px]"[39m
          [36m>[39m
            [36m<thead[39m
              [33mclass[39m=[32m"bg-gray-50 text-gray-500 dark:bg-gray-800/50 dark:text-gray-400"[39m
            [36m>[39m
              [36m<tr>[39m
                [36m<th[39m
                  [33mclass[39m=[32m"px-6 py-4 font-medium"[39m
                [36m>[39m
                  [0mReference[0m
                [36m</th>[39m
                [36m<th[39m
                  [33mclass[39m=[32m"px-6 py-4 font-medium"[39m
                [36m>[39m
                  [0mDate[0m
                [36m</th>[39m
                [36m<th[39m
                  [33mclass[39m=[32m"px-6 py-4 font-medium"[39m
                [36m>[39m
                  [0mAmount[0m
                [36m</th>[39m
                [36m<th[39m
                  [33mclass[39m=[32m"px-6 py-4 font-medium"[39m
                [36m>[39m
                  [0mStatus[0m
                [36m</th>[39m
              [36m</tr>[39m
            [36m</thead>[39m
            [36m<tbody[39m
              [33mclass[39m=[32m"divide-y divide-gray-100 dark:divide-gray-800"[39m
            [36m>[39m
              [36m<tr>[39m
                [36m<td[39m
                  [33mclass[39m=[32m"px-6 py-12 text-center text-gray-500 dark:text-gray-400"[39m
                  [33mcolspan[39m=[32m"4"[39m
                [36m>[39m
                  [0mNo payout history found.[0m
                [36m</td>[39m
              [36m</tr>[39m
            [36m</tbody>[39m
          [36m</table>[39m
        [36m</div>[39m
      [36m</section>[39m
    [36m</div>[39m
  [36m</div>[39m
[36m</body>[39m

Ignored nodes: comments, script, style
[36m<html>[39m
  [36m<head />[39m
  [36m<body>[39m
    [36m<div>[39m
      [36m<div[39m
        [33mclass[39m=[32m"space-y-8 animate-in fade-in duration-500"[39m
      [36m>[39m
        [36m<div[39m
          [33mclass[39m=[32m"flex flex-col gap-2 sm:flex-row sm:items-center sm:justify-between"[39m
        [36m>[39m
          [36m<div>[39m
            [36m<h1[39m
              [33mclass[39m=[32m"text-2xl font-bold tracking-tight"[39m
            [36m>[39m
              [0mFinance[0m
            [36m</h1>[39m
            [36m<p[39m
              [33mclass[39m=[32m"text-sm text-gray-500 dark:text-gray-400"[39m
            [36m>[39m
              [0mReleased balances, incoming credits, and payout history.[0m
            [36m</p>[39m
          [36m</div>[39m
        [36m</div>[39m
        [36m<div[39m
          [33mclass[39m=[32m"overflow-hidden rounded-2xl border border-black/10 bg-slate-950 text-white shadow-sm 
dark:border-white/10"[39m
        [36m>[39m
          [36m<div[39m
            [33mclass[39m=[32m"flex flex-wrap items-center justify-between gap-4 px-5 py-4"[39m
          [36m>[39m
            [36m<div[39m
              [33mclass[39m=[32m"flex items-center gap-4"[39m
            [36m>[39m
              [36m<div>[39m
                [36m<div[39m
                  [33mclass[39m=[32m"text-[10px] font-bold uppercase tracking-[0.28em] text-slate-400"[39m
                [36m>[39m
                  [0mAvailable balance[0m
                [36m</div>[39m
                [36m<div[39m
                  [33mclass[39m=[32m"mt-1 text-2xl font-bold tracking-tight"[39m
                [36m>[39m
                  [0mΓéª0.00[0m
                [36m</div>[39m
              [36m</div>[39m
              [36m<div[39m
                [33maria-hidden[39m=[32m"true"[39m
                [33mclass[39m=[32m"text-2xl"[39m
              [36m>[39m
                [0m≡ƒÆ░[0m
              [36m</div>[39m
            [36m</div>[39m
            [36m<div[39m
              [33mclass[39m=[32m"flex flex-wrap items-center gap-2"[39m
            [36m>[39m
              [36m<button[39m
                [33mclass[39m=[32m"rounded-full bg-white px-4 py-2 text-sm font-semibold text-black 
transition-opacity hover:opacity-90 disabled:cursor-not-allowed disabled:opacity-50 dark:bg-slate-800 
dark:text-white"[39m
                [33mdisabled[39m=[32m""[39m
                [33mtype[39m=[32m"button"[39m
              [36m>[39m
                [0mRequest payout[0m
              [36m</button>[39m
              [36m<div[39m
                [33mclass[39m=[32m"text-xs text-slate-400"[39m
              [36m>[39m
                [0mMin. Γéª5,000[0m
              [36m</div>[39m
            [36m</div>[39m
          [36m</div>[39m
          [36m<div[39m
            [33mclass[39m=[32m"grid grid-cols-2 border-t border-white/10 sm:grid-cols-4"[39m
          [36m>[39m
            [36m<div[39m
              [33mclass[39m=[32m"px-5 py-3 border-b border-white/10 sm:border-b-0 sm:border-r"[39m
            [36m>[39m
              [36m<div[39m
                [33mclass[39m=[32m"text-[10px] font-bold uppercase tracking-[0.2em] text-slate-400"[39m
              [36m>[39m
                [0mReleased[0m
              [36m</div>[39m
              [36m<div[39m
                [33mclass[39m=[32m"mt-1 text-base font-bold"[39m
              [36m>[39m
                [0mΓéª0.00[0m
              [36m</div>[39m
              [36m<div[39m
                [33mclass[39m=[32m"mt-0.5 text-[11px] text-slate-500"[39m
              [36m>[39m
                [0mUnlocked by milestones[0m
              [36m</div>[39m
            [36m</div>[39m
            [36m<div[39m
              [33mclass[39m=[32m"px-5 py-3 border-b border-white/10 sm:border-b-0 sm:border-r"[39m
            [36m>[39m
              [36m<div[39m
                [33mclass[39m=[32m"text-[10px] font-bold uppercase tracking-[0.2em] text-slate-400"[39m
              [36m>[39m
                [0mReserved[0m
              [36m</div>[39m
              [36m<div[39m
                [33mclass[39m=[32m"mt-1 text-base font-bold"[39m
              [36m>[39m
                [0mΓéª0.00[0m
              [36m</div>[39m
              [36m<div[39m
                [33mclass[39m=[32m"mt-0.5 text-[11px] text-slate-500"[39m
              [36m>[39m
                [0mIn payout flow[0m
              [36m</div>[39m
            [36m</div>[39m
            [36m<div[39m
              [33mclass[39m=[32m"px-5 py-3 border-b border-white/10 sm:border-b-0 sm:border-r"[39m
            [36m>[39m
              [36m<div[39m
                [33mclass[39m=[32m"text-[10px] font-bold uppercase tracking-[0.2em] text-slate-400"[39m
              [36m>[39m
                [0mPaid out[0m
              [36m</div>[39m
              [36m<div[39m
                [33mclass[39m=[32m"mt-1 text-base font-bold"[39m
              [36m>[39m
                [0mΓéª0.00[0m
              [36m</div>[39m
              [36m<div[39m
                [33mclass[39m=[32m"mt-0.5 text-[11px] text-slate-500"[39m
              [36m>[39m
                [0mSettled to bank[0m
              [36m</div>[39m
            [36m</div>[39m
            [36m<div[39m
              [33mclass[39m=[32m"px-5 py-3 "[39m
            [36m>[39m
              [36m<div[39m
                [33mclass[39m=[32m"text-[10px] font-bold uppercase tracking-[0.2em] text-slate-400"[39m
              [36m>[39m
                [0mIncoming[0m
              [36m</div>[39m
              [36m<div[39m
                [33mclass[39m=[32m"mt-1 text-base font-bold"[39m
              [36m>[39m
                [0mΓéª0.00[0m
              [36m</div>[39m
              [36m<div[39m
                [33mclass[39m=[32m"mt-0.5 text-[11px] text-slate-500"[39m
              [36m>[39m
                [0m0 paid orders[0m
              [36m</div>[39m
            [36m</div>[39m
          [36m</div>[39m
        [36m</div>[39m
        [36m<section[39m
          [33mclass[39m=[32m"overflow-hidden rounded-3xl border border-gray-100 bg-white shadow-sm 
dark:border-gray-800 dark:bg-gray-900/50"[39m
        [36m>[39m
          [36m<div[39m
            [33mclass[39m=[32m"border-b border-gray-100 px-6 py-5 dark:border-gray-800"[39m
          [36m>[39m
            [36m<div[39m
              [33mclass[39m=[32m"flex flex-col gap-3 sm:flex-row sm:items-start sm:justify-between"[39m
            [36m>[39m
              [36m<div>[39m
                [36m<h2[39m
                  [33mclass[39m=[32m"text-lg font-semibold"[39m
                [36m>[39m
                  [0mHeld Funds[0m
                [36m</h2>[39m
                [36m<p[39m
                  [33mclass[39m=[32m"mt-1 text-sm text-gray-500 dark:text-gray-400"[39m
                [36m>[39m
                  [0mEscrowed funds that are still waiting on delivery confirmation, release milestones, or admin 
action.[0m
                [36m</p>[39m
              [36m</div>[39m
              [36m<div[39m
                [33mclass[39m=[32m"inline-flex items-center gap-2 rounded-full bg-amber-50 px-3 py-1.5 text-xs 
font-semibold text-amber-700 dark:bg-amber-500/10 dark:text-amber-200"[39m
              [36m>[39m
                [36m<span[39m
                  [33maria-hidden[39m=[32m"true"[39m
                [36m>[39m
                  [0m≡ƒöÆ[0m
                [36m</span>[39m
                [0m0[0m
                [0m open hold[0m
                [0ms[0m
              [36m</div>[39m
            [36m</div>[39m
          [36m</div>[39m
          [36m<div[39m
            [33mclass[39m=[32m"overflow-x-auto scrollbar-hide"[39m
          [36m>[39m
            [36m<table[39m
              [33mclass[39m=[32m"w-full min-w-[760px] text-left text-sm"[39m
            [36m>[39m
              [36m<thead[39m
                [33mclass[39m=[32m"bg-gray-50 text-gray-500 dark:bg-gray-800/50 dark:text-gray-400"[39m
              [36m>[39m
                [36m<tr>[39m
                  [36m<th[39m
                    [33mclass[39m=[32m"px-6 py-4 font-medium"[39m
                  [36m>[39m
                    [0mReference[0m
                  [36m</th>[39m
                  [36m<th[39m
                    [33mclass[39m=[32m"px-6 py-4 font-medium"[39m
                  [36m>[39m
                    [0mBuyer[0m
                  [36m</th>[39m
                  [36m<th[39m
                    [33mclass[39m=[32m"px-6 py-4 font-medium"[39m
                  [36m>[39m
                    [0mGross[0m
                  [36m</th>[39m
                  [36m<th[39m
                    [33mclass[39m=[32m"px-6 py-4 font-medium"[39m
                  [36m>[39m
                    [0mCommission[0m
                  [36m</th>[39m
                  [36m<th[39m
                    [33mclass[39m=[32m"px-6 py-4 font-medium"[39m
                  [36m>[39m
                    [0mReleased[0m
                  [36m</th>[39m
                  [36m<th[39m
                    [33mclass[39m=[32m"px-6 py-4 font-medium"[39m
                  [36m>[39m
                    [0mStill held[0m
                  [36m</th>[39m
                  [36m<th[39m
                    [33mclass[39m=[32m"px-6 py-4 font-medium"[39m
                  [36m>[39m
                    [0mRelease rule[0m
                  [36m</th>[39m
                  [36m<th[39m
                    [33mclass[39m=[32m"px-6 py-4 font-medium"[39m
                  [36m>[39m
                    [0mStatus[0m
                  [36m</th>[39m
                [36m</tr>[39m
              [36m</thead>[39m
              [36m<tbody[39m
                [33mclass[39m=[32m"divide-y divide-gray-100 dark:divide-gray-800"[39m
              [36m>[39m
                [36m<tr>[39m
                  [36m<td[39m
                    [33mclass[39m=[32m"px-6 py-12 text-center text-gray-500 dark:text-gray-400"[39m
                    [33mcolspan[39m=[32m"8"[39m
                  [36m>[39m
                    [0mNo held funds right now.[0m
                  [36m</td>[39m
                [36m</tr>[39m
              [36m</tbody>[39m
            [36m</table>[39m
          [36m</div>[39m
        [36m</section>[39m
        [36m<section[39m
          [33mclass[39m=[32m"overflow-hidden rounded-3xl border border-gray-100 bg-white shadow-sm 
dark:border-gray-800 dark:bg-gray-900/50"[39m
        [36m>[39m
          [36m<div[39m
            [33mclass[39m=[32m"border-b border-gray-100 px-6 py-5 dark:border-gray-800"[39m
          [36m>[39m
            [36m<div[39m
              [33mclass[39m=[32m"flex flex-col gap-3 sm:flex-row sm:items-start sm:justify-between"[39m
            [36m>[39m
              [36m<div>[39m
                [36m<h2[39m
                  [33mclass[39m=[32m"text-lg font-semibold"[39m
                [36m>[39m
                  [0mIncoming Transactions[0m
                [36m</h2>[39m
                [36m<p[39m
                  [33mclass[39m=[32m"mt-1 text-sm text-gray-500 dark:text-gray-400"[39m
                [36m>[39m
                  [0mCredits released into your brand wallet after shipment, delivery, or custom-order milestones.[0m
                [36m</p>[39m
              [36m</div>[39m
              [36m<div[39m
                [33mclass[39m=[32m"inline-flex items-center gap-2 rounded-full bg-violet-50 px-3 py-1.5 text-xs 
font-semibold text-violet-700 dark:bg-violet-500/10 dark:text-violet-200"[39m
              [36m>[39m
                [36m<span[39m
                  [33maria-hidden[39m=[32m"true"[39m
                [36m>[39m
                  [0mΓ£é∩╕Å[0m
                [36m</span>[39m
                [0m0[0m
                [0m custom-order credit[0m
                [0ms[0m
              [36m</div>[39m
            [36m</div>[39m
          [36m</div>[39m
          [36m<div[39m
            [33mclass[39m=[32m"overflow-x-auto scrollbar-hide"[39m
          [36m>[39m
            [36m<table[39m
              [33mclass[39m=[32m"w-full min-w-[620px] text-left text-sm sm:min-w-[700px] lg:min-w-[760px]"[39m
            [36m>[39m
              [36m<thead[39m
                [33mclass[39m=[32m"bg-gray-50 text-gray-500 dark:bg-gray-800/50 dark:text-gray-400"[39m
              [36m>[39m
                [36m<tr>[39m
                  [36m<th[39m
                    [33mclass[39m=[32m"px-6 py-4 font-medium"[39m
                  [36m>[39m
                    [0mTransaction[0m
                  [36m</th>[39m
                  [36m<th[39m
                    [33mclass[39m=[32m"px-6 py-4 font-medium"[39m
                  [36m>[39m
                    [0mCounterparty[0m
                  [36m</th>[39m
                  [36m<th[39m
                    [33mclass[39m=[32m"px-6 py-4 font-medium"[39m
                  [36m>[39m
                    [0mDate[0m
                  [36m</th>[39m
                  [36m<th[39m
                    [33mclass[39m=[32m"px-6 py-4 font-medium"[39m
                  [36m>[39m
                    [0mGross[0m
                  [36m</th>[39m
                  [36m<th[39m
                    [33mclass[39m=[32m"px-6 py-4 font-medium"[39m
                  [36m>[39m
                    [0mCommission[0m
                  [36m</th>[39m
                  [36m<th[39m
                    [33mclass[39m=[32m"px-6 py-4 font-medium"[39m
                  [36m>[39m
                    [0mNet[0m
                  [36m</th>[39m
                  [36m<th[39m
                    [33mclass[39m=[32m"px-6 py-4 font-medium"[39m
                  [36m>[39m
                    [0mStage[0m
                  [36m</th>[39m
                [36m</tr>[39m
              [36m</thead>[39m
              [36m<tbody[39m
                [33mclass[39m=[32m"divide-y divide-gray-100 dark:divide-gray-800"[39m
              [36m>[39m
                [36m<tr>[39m
                  [36m<td[39m
                    [33mclass[39m=[32m"px-6 py-12 text-center text-gray-500 dark:text-gray-400"[39m
                    [33mcolspan[39m=[32m"7"[39m
                  [36m>[39m
                    [0mNo incoming transactions recorded yet.[0m
                  [36m</td>[39m
                [36m</tr>[39m
              [36m</tbody>[39m
            [36m</table>[39m
          [36m</div>[39m
        [36m</section>[39m
        [36m<section[39m
          [33mclass[39m=[32m"overflow-hidden rounded-3xl border border-gray-100 bg-white shadow-sm 
dark:border-gray-800 dark:bg-gray-900/50"[39m
        [36m>[39m
          [36m<div[39m
            [33mclass[39m=[32m"border-b border-gray-100 px-6 py-5 dark:border-gray-800"[39m
          [36m>[39m
            [36m<h2[39m
              [33mclass[39m=[32m"text-lg font-semibold"[39m
            [36m>[39m
              [0mPayout History[0m
            [36m</h2>[39m
          [36m</div>[39m
          [36m<div[39m
            [33mclass[39m=[32m"overflow-x-auto scrollbar-hide"[39m
          [36m>[39m
            [36m<table[39m
              [33mclass[39m=[32m"w-full min-w-[560px] text-left text-sm sm:min-w-[620px] lg:min-w-[680px]"[39m
            [36m>[39m
              [36m<thead[39m
                [33mclass[39m=[32m"bg-gray-50 text-gray-500 dark:bg-gray-800/50 dark:text-gray-400"[39m
              [36m>[39m
                [36m<tr>[39m
                  [36m<th[39m
                    [33mclass[39m=[32m"px-6 py-4 font-medium"[39m
                  [36m>[39m
                    [0mReference[0m
                  [36m</th>[39m
                  [36m<th[39m
                    [33mclass[39m=[32m"px-6 py-4 font-medium"[39m
                  [36m>[39m
                    [0mDate[0m
                  [36m</th>[39m
                  [36m<th[39m
                    [33mclass[39m=[32m"px-6 py-4 font-medium"[39m
                  [36m>[39m
                    [0mAmount[0m
                  [36m</th>[39m
                  [36m<th[39m
                    [33mclass[39m=[32m"px-6 py-4 font-medium"[39m
                  [36m>[39m
                    [0mStatus[0m
                  [36m</th>[39m
                [36m</tr>[39m
              [36m</thead>[39m
              [36m<tbody[39m
                [33mclass[39m=[32m"divide-y divide-gray-100 dark:divide-gray-800"[39m
              [36m>[39m
                [36m<tr>[39m
                  [36m<td[39m
                    [33mclass[39m=[32m"px-6 py-12 text-center text-gray-500 dark:text-gray-400"[39m
                    [33mcolspan[39m=[32m"4"[39m
                  [36m>[39m
                    [0mNo payout history found.[0m
                  [36m</td>[39m
                [36m</tr>[39m
              [36m</tbody>[39m
            [36m</table>[39m
          [36m</div>[39m
        [36m</section>[39m
      [36m</div>[39m
    [36m</div>[39m
  [36m</body>[39m
[36m</html>[39m
[90m [2mΓ¥»[22m Proxy.waitForWrapper node_modules/@testing-library/dom/dist/wait-for.js:[2m163:27[22m[39m
[36m [2mΓ¥»[22m src/__tests__/dashboard/FinancePage.test.tsx:[2m86:11[22m[39m
    [90m 84|[39m     )[33m;[39m
    [90m 85|[39m
    [90m 86|[39m     [35mawait[39m [34mwaitFor[39m(() [33m=>[39m {
    [90m   |[39m           [31m^[39m
    [90m 87|[39m       // Balance = Total Sales (20000) - Completed Payouts (5000) = 15ΓÇª
    [90m 88|[39m       [34mexpect[39m(screen[33m.[39m[34mgetByText[39m([32m'Γéª15,000.00'[39m))[33m.[39m[3
4mtoBeInTheDocument[39m()[33m;[39m

[31m[2mΓÄ»ΓÄ»ΓÄ»ΓÄ»ΓÄ»ΓÄ»ΓÄ»ΓÄ»ΓÄ»ΓÄ»ΓÄ»ΓÄ»ΓÄ»ΓÄ»ΓÄ»ΓÄ»ΓÄ»ΓÄ»ΓÄ»ΓÄ»ΓÄ»ΓÄ»ΓÄ»[7/14]ΓÄ»[22m[39m

[41m[1m FAIL [22m[49m src/__tests__/dashboard/FinancePage.test.tsx[2m > [22mFinancePage[2m > [22mhandles 
payout request success
[31m[1mTestingLibraryElementError[22m[39m: Unable to find an element with the text: Request Payout. This could be 
because the text is broken up by multiple elements. In this case, you can provide a function for your text matcher to 
make your matcher more flexible.

Ignored nodes: comments, script, style
[36m<body>[39m
  [36m<div>[39m
    [36m<div[39m
      [33mclass[39m=[32m"space-y-8 animate-in fade-in duration-500"[39m
    [36m>[39m
      [36m<div[39m
        [33mclass[39m=[32m"flex flex-col gap-2 sm:flex-row sm:items-center sm:justify-between"[39m
      [36m>[39m
        [36m<div>[39m
          [36m<h1[39m
            [33mclass[39m=[32m"text-2xl font-bold tracking-tight"[39m
          [36m>[39m
            [0mFinance[0m
          [36m</h1>[39m
          [36m<p[39m
            [33mclass[39m=[32m"text-sm text-gray-500 dark:text-gray-400"[39m
          [36m>[39m
            [0mReleased balances, incoming credits, and payout history.[0m
          [36m</p>[39m
        [36m</div>[39m
      [36m</div>[39m
      [36m<div[39m
        [33mclass[39m=[32m"overflow-hidden rounded-2xl border border-black/10 bg-slate-950 text-white shadow-sm 
dark:border-white/10"[39m
      [36m>[39m
        [36m<div[39m
          [33mclass[39m=[32m"flex flex-wrap items-center justify-between gap-4 px-5 py-4"[39m
        [36m>[39m
          [36m<div[39m
            [33mclass[39m=[32m"flex items-center gap-4"[39m
          [36m>[39m
            [36m<div>[39m
              [36m<div[39m
                [33mclass[39m=[32m"text-[10px] font-bold uppercase tracking-[0.28em] text-slate-400"[39m
              [36m>[39m
                [0mAvailable balance[0m
              [36m</div>[39m
              [36m<div[39m
                [33mclass[39m=[32m"mt-1 text-2xl font-bold tracking-tight"[39m
              [36m>[39m
                [0mΓéª0.00[0m
              [36m</div>[39m
            [36m</div>[39m
            [36m<div[39m
              [33maria-hidden[39m=[32m"true"[39m
              [33mclass[39m=[32m"text-2xl"[39m
            [36m>[39m
              [0m≡ƒÆ░[0m
            [36m</div>[39m
          [36m</div>[39m
          [36m<div[39m
            [33mclass[39m=[32m"flex flex-wrap items-center gap-2"[39m
          [36m>[39m
            [36m<button[39m
              [33mclass[39m=[32m"rounded-full bg-white px-4 py-2 text-sm font-semibold text-black 
transition-opacity hover:opacity-90 disabled:cursor-not-allowed disabled:opacity-50 dark:bg-slate-800 
dark:text-white"[39m
              [33mdisabled[39m=[32m""[39m
              [33mtype[39m=[32m"button"[39m
            [36m>[39m
              [0mRequest payout[0m
            [36m</button>[39m
            [36m<div[39m
              [33mclass[39m=[32m"text-xs text-slate-400"[39m
            [36m>[39m
              [0mMin. Γéª5,000[0m
            [36m</div>[39m
          [36m</div>[39m
        [36m</div>[39m
        [36m<div[39m
          [33mclass[39m=[32m"grid grid-cols-2 border-t border-white/10 sm:grid-cols-4"[39m
        [36m>[39m
          [36m<div[39m
            [33mclass[39m=[32m"px-5 py-3 border-b border-white/10 sm:border-b-0 sm:border-r"[39m
          [36m>[39m
            [36m<div[39m
              [33mclass[39m=[32m"text-[10px] font-bold uppercase tracking-[0.2em] text-slate-400"[39m
            [36m>[39m
              [0mReleased[0m
            [36m</div>[39m
            [36m<div[39m
              [33mclass[39m=[32m"mt-1 text-base font-bold"[39m
            [36m>[39m
              [0mΓéª0.00[0m
            [36m</div>[39m
            [36m<div[39m
              [33mclass[39m=[32m"mt-0.5 text-[11px] text-slate-500"[39m
            [36m>[39m
              [0mUnlocked by milestones[0m
            [36m</div>[39m
          [36m</div>[39m
          [36m<div[39m
            [33mclass[39m=[32m"px-5 py-3 border-b border-white/10 sm:border-b-0 sm:border-r"[39m
          [36m>[39m
            [36m<div[39m
              [33mclass[39m=[32m"text-[10px] font-bold uppercase tracking-[0.2em] text-slate-400"[39m
            [36m>[39m
              [0mReserved[0m
            [36m</div>[39m
            [36m<div[39m
              [33mclass[39m=[32m"mt-1 text-base font-bold"[39m
            [36m>[39m
              [0mΓéª0.00[0m
            [36m</div>[39m
            [36m<div[39m
              [33mclass[39m=[32m"mt-0.5 text-[11px] text-slate-500"[39m
            [36m>[39m
              [0mIn payout flow[0m
            [36m</div>[39m
          [36m</div>[39m
          [36m<div[39m
            [33mclass[39m=[32m"px-5 py-3 border-b border-white/10 sm:border-b-0 sm:border-r"[39m
          [36m>[39m
            [36m<div[39m
              [33mclass[39m=[32m"text-[10px] font-bold uppercase tracking-[0.2em] text-slate-400"[39m
            [36m>[39m
              [0mPaid out[0m
            [36m</div>[39m
            [36m<div[39m
              [33mclass[39m=[32m"mt-1 text-base font-bold"[39m
            [36m>[39m
              [0mΓéª0.00[0m
            [36m</div>[39m
            [36m<div[39m
              [33mclass[39m=[32m"mt-0.5 text-[11px] text-slate-500"[39m
            [36m>[39m
              [0mSettled to bank[0m
            [36m</div>[39m
          [36m</div>[39m
          [36m<div[39m
            [33mclass[39m=[32m"px-5 py-3 "[39m
          [36m>[39m
            [36m<div[39m
              [33mclass[39m=[32m"text-[10px] font-bold uppercase tracking-[0.2em] text-slate-400"[39m
            [36m>[39m
              [0mIncoming[0m
            [36m</div>[39m
            [36m<div[39m
              [33mclass[39m=[32m"mt-1 text-base font-bold"[39m
            [36m>[39m
              [0mΓéª0.00[0m
            [36m</div>[39m
            [36m<div[39m
              [33mclass[39m=[32m"mt-0.5 text-[11px] text-slate-500"[39m
            [36m>[39m
              [0m0 paid orders[0m
            [36m</div>[39m
          [36m</div>[39m
        [36m</div>[39m
      [36m</div>[39m
      [36m<section[39m
        [33mclass[39m=[32m"overflow-hidden rounded-3xl border border-gray-100 bg-white shadow-sm 
dark:border-gray-800 dark:bg-gray-900/50"[39m
      [36m>[39m
        [36m<div[39m
          [33mclass[39m=[32m"border-b border-gray-100 px-6 py-5 dark:border-gray-800"[39m
        [36m>[39m
          [36m<div[39m
            [33mclass[39m=[32m"flex flex-col gap-3 sm:flex-row sm:items-start sm:justify-between"[39m
          [36m>[39m
            [36m<div>[39m
              [36m<h2[39m
                [33mclass[39m=[32m"text-lg font-semibold"[39m
              [36m>[39m
                [0mHeld Funds[0m
              [36m</h2>[39m
              [36m<p[39m
                [33mclass[39m=[32m"mt-1 text-sm text-gray-500 dark:text-gray-400"[39m
              [36m>[39m
                [0mEscrowed funds that are still waiting on delivery confirmation, release milestones, or admin 
action.[0m
              [36m</p>[39m
            [36m</div>[39m
            [36m<div[39m
              [33mclass[39m=[32m"inline-flex items-center gap-2 rounded-full bg-amber-50 px-3 py-1.5 text-xs 
font-semibold text-amber-700 dark:bg-amber-500/10 dark:text-amber-200"[39m
            [36m>[39m
              [36m<span[39m
                [33maria-hidden[39m=[32m"true"[39m
              [36m>[39m
                [0m≡ƒöÆ[0m
              [36m</span>[39m
              [0m0[0m
              [0m open hold[0m
              [0ms[0m
            [36m</div>[39m
          [36m</div>[39m
        [36m</div>[39m
        [36m<div[39m
          [33mclass[39m=[32m"overflow-x-auto scrollbar-hide"[39m
        [36m>[39m
          [36m<table[39m
            [33mclass[39m=[32m"w-full min-w-[760px] text-left text-sm"[39m
          [36m>[39m
            [36m<thead[39m
              [33mclass[39m=[32m"bg-gray-50 text-gray-500 dark:bg-gray-800/50 dark:text-gray-400"[39m
            [36m>[39m
              [36m<tr>[39m
                [36m<th[39m
                  [33mclass[39m=[32m"px-6 py-4 font-medium"[39m
                [36m>[39m
                  [0mReference[0m
                [36m</th>[39m
                [36m<th[39m
                  [33mclass[39m=[32m"px-6 py-4 font-medium"[39m
                [36m>[39m
                  [0mBuyer[0m
                [36m</th>[39m
                [36m<th[39m
                  [33mclass[39m=[32m"px-6 py-4 font-medium"[39m
                [36m>[39m
                  [0mGross[0m
                [36m</th>[39m
                [36m<th[39m
                  [33mclass[39m=[32m"px-6 py-4 font-medium"[39m
                [36m>[39m
                  [0mCommission[0m
                [36m</th>[39m
                [36m<th[39m
                  [33mclass[39m=[32m"px-6 py-4 font-medium"[39m
                [36m>[39m
                  [0mReleased[0m
                [36m</th>[39m
                [36m<th[39m
                  [33mclass[39m=[32m"px-6 py-4 font-medium"[39m
                [36m>[39m
                  [0mStill held[0m
                [36m</th>[39m
                [36m<th[39m
                  [33mclass[39m=[32m"px-6 py-4 font-medium"[39m
                [36m>[39m
                  [0mRelease rule[0m
                [36m</th>[39m
                [36m<th[39m
                  [33mclass[39m=[32m"px-6 py-4 font-medium"[39m
                [36m>[39m
                  [0mStatus[0m
                [36m</th>[39m
              [36m</tr>[39m
            [36m</thead>[39m
            [36m<tbody[39m
              [33mclass[39m=[32m"divide-y divide-gray-100 dark:divide-gray-800"[39m
            [36m>[39m
              [36m<tr>[39m
                [36m<td[39m
                  [33mclass[39m=[32m"px-6 py-12 text-center text-gray-500 dark:text-gray-400"[39m
                  [33mcolspan[39m=[32m"8"[39m
                [36m>[39m
                  [0mNo held funds right now.[0m
                [36m</td>[39m
              [36m</tr>[39m
            [36m</tbody>[39m
          [36m</table>[39m
        [36m</div>[39m
      [36m</section>[39m
      [36m<section[39m
        [33mclass[39m=[32m"overflow-hidden rounded-3xl border border-gray-100 bg-white shadow-sm 
dark:border-gray-800 dark:bg-gray-900/50"[39m
      [36m>[39m
        [36m<div[39m
          [33mclass[39m=[32m"border-b border-gray-100 px-6 py-5 dark:border-gray-800"[39m
        [36m>[39m
          [36m<div[39m
            [33mclass[39m=[32m"flex flex-col gap-3 sm:flex-row sm:items-start sm:justify-between"[39m
          [36m>[39m
            [36m<div>[39m
              [36m<h2[39m
                [33mclass[39m=[32m"text-lg font-semibold"[39m
              [36m>[39m
                [0mIncoming Transactions[0m
              [36m</h2>[39m
              [36m<p[39m
                [33mclass[39m=[32m"mt-1 text-sm text-gray-500 dark:text-gray-400"[39m
              [36m>[39m
                [0mCredits released into your brand wallet after shipment, delivery, or custom-order milestones.[0m
              [36m</p>[39m
            [36m</div>[39m
            [36m<div[39m
              [33mclass[39m=[32m"inline-flex items-center gap-2 rounded-full bg-violet-50 px-3 py-1.5 text-xs 
font-semibold text-violet-700 dark:bg-violet-500/10 dark:text-violet-200"[39m
            [36m>[39m
              [36m<span[39m
                [33maria-hidden[39m=[32m"true"[39m
              [36m>[39m
                [0mΓ£é∩╕Å[0m
              [36m</span>[39m
              [0m0[0m
              [0m custom-order credit[0m
              [0ms[0m
            [36m</div>[39m
          [36m</div>[39m
        [36m</div>[39m
        [36m<div[39m
          [33mclass[39m=[32m"overflow-x-auto scrollbar-hide"[39m
        [36m>[39m
          [36m<table[39m
            [33mclass[39m=[32m"w-full min-w-[620px] text-left text-sm sm:min-w-[700px] lg:min-w-[760px]"[39m
          [36m>[39m
            [36m<thead[39m
              [33mclass[39m=[32m"bg-gray-50 text-gray-500 dark:bg-gray-800/50 dark:text-gray-400"[39m
            [36m>[39m
              [36m<tr>[39m
                [36m<th[39m
                  [33mclass[39m=[32m"px-6 py-4 font-medium"[39m
                [36m>[39m
                  [0mTransaction[0m
                [36m</th>[39m
                [36m<th[39m
                  [33mclass[39m=[32m"px-6 py-4 font-medium"[39m
                [36m>[39m
                  [0mCounterparty[0m
                [36m</th>[39m
                [36m<th[39m
                  [33mclass[39m=[32m"px-6 py-4 font-medium"[39m
                [36m>[39m
                  [0mDate[0m
                [36m</th>[39m
                [36m<th[39m
                  [33mclass[39m=[32m"px-6 py-4 font-medium"[39m
                [36m>[39m
                  [0mGross[0m
                [36m</th>[39m
                [36m<th[39m
                  [33mclass[39m=[32m"px-6 py-4 font-medium"[39m
                [36m>[39m
                  [0mCommission[0m
                [36m</th>[39m
                [36m<th[39m
                  [33mclass[39m=[32m"px-6 py-4 font-medium"[39m
                [36m>[39m
                  [0mNet[0m
                [36m</th>[39m
                [36m<th[39m
                  [33mclass[39m=[32m"px-6 py-4 font-medium"[39m
                [36m>[39m
                  [0mStage[0m
                [36m</th>[39m
              [36m</tr>[39m
            [36m</thead>[39m
            [36m<tbody[39m
              [33mclass[39m=[32m"divide-y divide-gray-100 dark:divide-gray-800"[39m
            [36m>[39m
              [36m<tr>[39m
                [36m<td[39m
                  [33mclass[39m=[32m"px-6 py-12 text-center text-gray-500 dark:text-gray-400"[39m
                  [33mcolspan[39m=[32m"7"[39m
                [36m>[39m
                  [0mNo incoming transactions recorded yet.[0m
                [36m</td>[39m
              [36m</tr>[39m
            [36m</tbody>[39m
          [36m</table>[39m
        [36m</div>[39m
      [36m</section>[39m
      [36m<section[39m
        [33mclass[39m=[32m"overflow-hidden rounded-3xl border border-gray-100 bg-white shadow-sm 
dark:border-gray-800 dark:bg-gray-900/50"[39m
      [36m>[39m
        [36m<div[39m
          [33mclass[39m=[32m"border-b border-gray-100 px-6 py-5 dark:border-gray-800"[39m
        [36m>[39m
          [36m<h2[39m
            [33mclass[39m=[32m"text-lg font-semibold"[39m
          [36m>[39m
            [0mPayout History[0m
          [36m</h2>[39m
        [36m</div>[39m
        [36m<div[39m
          [33mclass[39m=[32m"overflow-x-auto scrollbar-hide"[39m
        [36m>[39m
          [36m<table[39m
            [33mclass[39m=[32m"w-full min-w-[560px] text-left text-sm sm:min-w-[620px] lg:min-w-[680px]"[39m
          [36m>[39m
            [36m<thead[39m
              [33mclass[39m=[32m"bg-gray-50 text-gray-500 dark:bg-gray-800/50 dark:text-gray-400"[39m
            [36m>[39m
              [36m<tr>[39m
                [36m<th[39m
                  [33mclass[39m=[32m"px-6 py-4 font-medium"[39m
                [36m>[39m
                  [0mReference[0m
                [36m</th>[39m
                [36m<th[39m
                  [33mclass[39m=[32m"px-6 py-4 font-medium"[39m
                [36m>[39m
                  [0mDate[0m
                [36m</th>[39m
                [36m<th[39m
                  [33mclass[39m=[32m"px-6 py-4 font-medium"[39m
                [36m>[39m
                  [0mAmount[0m
                [36m</th>[39m
                [36m<th[39m
                  [33mclass[39m=[32m"px-6 py-4 font-medium"[39m
                [36m>[39m
                  [0mStatus[0m
                [36m</th>[39m
              [36m</tr>[39m
            [36m</thead>[39m
            [36m<tbody[39m
              [33mclass[39m=[32m"divide-y divide-gray-100 dark:divide-gray-800"[39m
            [36m>[39m
              [36m<tr>[39m
                [36m<td[39m
                  [33mclass[39m=[32m"px-6 py-12 text-center text-gray-500 dark:text-gray-400"[39m
                  [33mcolspan[39m=[32m"4"[39m
                [36m>[39m
                  [0mNo payout history found.[0m
                [36m</td>[39m
              [36m</tr>[39m
            [36m</tbody>[39m
          [36m</table>[39m
        [36m</div>[39m
      [36m</section>[39m
    [36m</div>[39m
  [36m</div>[39m
[36m</body>[39m

Ignored nodes: comments, script, style
[36m<html>[39m
  [36m<head />[39m
  [36m<body>[39m
    [36m<div>[39m
      [36m<div[39m
        [33mclass[39m=[32m"space-y-8 animate-in fade-in duration-500"[39m
      [36m>[39m
        [36m<div[39m
          [33mclass[39m=[32m"flex flex-col gap-2 sm:flex-row sm:items-center sm:justify-between"[39m
        [36m>[39m
          [36m<div>[39m
            [36m<h1[39m
              [33mclass[39m=[32m"text-2xl font-bold tracking-tight"[39m
            [36m>[39m
              [0mFinance[0m
            [36m</h1>[39m
            [36m<p[39m
              [33mclass[39m=[32m"text-sm text-gray-500 dark:text-gray-400"[39m
            [36m>[39m
              [0mReleased balances, incoming credits, and payout history.[0m
            [36m</p>[39m
          [36m</div>[39m
        [36m</div>[39m
        [36m<div[39m
          [33mclass[39m=[32m"overflow-hidden rounded-2xl border border-black/10 bg-slate-950 text-white shadow-sm 
dark:border-white/10"[39m
        [36m>[39m
          [36m<div[39m
            [33mclass[39m=[32m"flex flex-wrap items-center justify-between gap-4 px-5 py-4"[39m
          [36m>[39m
            [36m<div[39m
              [33mclass[39m=[32m"flex items-center gap-4"[39m
            [36m>[39m
              [36m<div>[39m
                [36m<div[39m
                  [33mclass[39m=[32m"text-[10px] font-bold uppercase tracking-[0.28em] text-slate-400"[39m
                [36m>[39m
                  [0mAvailable balance[0m
                [36m</div>[39m
                [36m<div[39m
                  [33mclass[39m=[32m"mt-1 text-2xl font-bold tracking-tight"[39m
                [36m>[39m
                  [0mΓéª0.00[0m
                [36m</div>[39m
              [36m</div>[39m
              [36m<div[39m
                [33maria-hidden[39m=[32m"true"[39m
                [33mclass[39m=[32m"text-2xl"[39m
              [36m>[39m
                [0m≡ƒÆ░[0m
              [36m</div>[39m
            [36m</div>[39m
            [36m<div[39m
              [33mclass[39m=[32m"flex flex-wrap items-center gap-2"[39m
            [36m>[39m
              [36m<button[39m
                [33mclass[39m=[32m"rounded-full bg-white px-4 py-2 text-sm font-semibold text-black 
transition-opacity hover:opacity-90 disabled:cursor-not-allowed disabled:opacity-50 dark:bg-slate-800 
dark:text-white"[39m
                [33mdisabled[39m=[32m""[39m
                [33mtype[39m=[32m"button"[39m
              [36m>[39m
                [0mRequest payout[0m
              [36m</button>[39m
              [36m<div[39m
                [33mclass[39m=[32m"text-xs text-slate-400"[39m
              [36m>[39m
                [0mMin. Γéª5,000[0m
              [36m</div>[39m
            [36m</div>[39m
          [36m</div>[39m
          [36m<div[39m
            [33mclass[39m=[32m"grid grid-cols-2 border-t border-white/10 sm:grid-cols-4"[39m
          [36m>[39m
            [36m<div[39m
              [33mclass[39m=[32m"px-5 py-3 border-b border-white/10 sm:border-b-0 sm:border-r"[39m
            [36m>[39m
              [36m<div[39m
                [33mclass[39m=[32m"text-[10px] font-bold uppercase tracking-[0.2em] text-slate-400"[39m
              [36m>[39m
                [0mReleased[0m
              [36m</div>[39m
              [36m<div[39m
                [33mclass[39m=[32m"mt-1 text-base font-bold"[39m
              [36m>[39m
                [0mΓéª0.00[0m
              [36m</div>[39m
              [36m<div[39m
                [33mclass[39m=[32m"mt-0.5 text-[11px] text-slate-500"[39m
              [36m>[39m
                [0mUnlocked by milestones[0m
              [36m</div>[39m
            [36m</div>[39m
            [36m<div[39m
              [33mclass[39m=[32m"px-5 py-3 border-b border-white/10 sm:border-b-0 sm:border-r"[39m
            [36m>[39m
              [36m<div[39m
                [33mclass[39m=[32m"text-[10px] font-bold uppercase tracking-[0.2em] text-slate-400"[39m
              [36m>[39m
                [0mReserved[0m
              [36m</div>[39m
              [36m<div[39m
                [33mclass[39m=[32m"mt-1 text-base font-bold"[39m
              [36m>[39m
                [0mΓéª0.00[0m
              [36m</div>[39m
              [36m<div[39m
                [33mclass[39m=[32m"mt-0.5 text-[11px] text-slate-500"[39m
              [36m>[39m
                [0mIn payout flow[0m
              [36m</div>[39m
            [36m</div>[39m
            [36m<div[39m
              [33mclass[39m=[32m"px-5 py-3 border-b border-white/10 sm:border-b-0 sm:border-r"[39m
            [36m>[39m
              [36m<div[39m
                [33mclass[39m=[32m"text-[10px] font-bold uppercase tracking-[0.2em] text-slate-400"[39m
              [36m>[39m
                [0mPaid out[0m
              [36m</div>[39m
              [36m<div[39m
                [33mclass[39m=[32m"mt-1 text-base font-bold"[39m
              [36m>[39m
                [0mΓéª0.00[0m
              [36m</div>[39m
              [36m<div[39m
                [33mclass[39m=[32m"mt-0.5 text-[11px] text-slate-500"[39m
              [36m>[39m
                [0mSettled to bank[0m
              [36m</div>[39m
            [36m</div>[39m
            [36m<div[39m
              [33mclass[39m=[32m"px-5 py-3 "[39m
            [36m>[39m
              [36m<div[39m
                [33mclass[39m=[32m"text-[10px] font-bold uppercase tracking-[0.2em] text-slate-400"[39m
              [36m>[39m
                [0mIncoming[0m
              [36m</div>[39m
              [36m<div[39m
                [33mclass[39m=[32m"mt-1 text-base font-bold"[39m
              [36m>[39m
                [0mΓéª0.00[0m
              [36m</div>[39m
              [36m<div[39m
                [33mclass[39m=[32m"mt-0.5 text-[11px] text-slate-500"[39m
              [36m>[39m
                [0m0 paid orders[0m
              [36m</div>[39m
            [36m</div>[39m
          [36m</div>[39m
        [36m</div>[39m
        [36m<section[39m
          [33mclass[39m=[32m"overflow-hidden rounded-3xl border border-gray-100 bg-white shadow-sm 
dark:border-gray-800 dark:bg-gray-900/50"[39m
        [36m>[39m
          [36m<div[39m
            [33mclass[39m=[32m"border-b border-gray-100 px-6 py-5 dark:border-gray-800"[39m
          [36m>[39m
            [36m<div[39m
              [33mclass[39m=[32m"flex flex-col gap-3 sm:flex-row sm:items-start sm:justify-between"[39m
            [36m>[39m
              [36m<div>[39m
                [36m<h2[39m
                  [33mclass[39m=[32m"text-lg font-semibold"[39m
                [36m>[39m
                  [0mHeld Funds[0m
                [36m</h2>[39m
                [36m<p[39m
                  [33mclass[39m=[32m"mt-1 text-sm text-gray-500 dark:text-gray-400"[39m
                [36m>[39m
                  [0mEscrowed funds that are still waiting on delivery confirmation, release milestones, or admin 
action.[0m
                [36m</p>[39m
              [36m</div>[39m
              [36m<div[39m
                [33mclass[39m=[32m"inline-flex items-center gap-2 rounded-full bg-amber-50 px-3 py-1.5 text-xs 
font-semibold text-amber-700 dark:bg-amber-500/10 dark:text-amber-200"[39m
              [36m>[39m
                [36m<span[39m
                  [33maria-hidden[39m=[32m"true"[39m
                [36m>[39m
                  [0m≡ƒöÆ[0m
                [36m</span>[39m
                [0m0[0m
                [0m open hold[0m
                [0ms[0m
              [36m</div>[39m
            [36m</div>[39m
          [36m</div>[39m
          [36m<div[39m
            [33mclass[39m=[32m"overflow-x-auto scrollbar-hide"[39m
          [36m>[39m
            [36m<table[39m
              [33mclass[39m=[32m"w-full min-w-[760px] text-left text-sm"[39m
            [36m>[39m
              [36m<thead[39m
                [33mclass[39m=[32m"bg-gray-50 text-gray-500 dark:bg-gray-800/50 dark:text-gray-400"[39m
              [36m>[39m
                [36m<tr>[39m
                  [36m<th[39m
                    [33mclass[39m=[32m"px-6 py-4 font-medium"[39m
                  [36m>[39m
                    [0mReference[0m
                  [36m</th>[39m
                  [36m<th[39m
                    [33mclass[39m=[32m"px-6 py-4 font-medium"[39m
                  [36m>[39m
                    [0mBuyer[0m
                  [36m</th>[39m
                  [36m<th[39m
                    [33mclass[39m=[32m"px-6 py-4 font-medium"[39m
                  [36m>[39m
                    [0mGross[0m
                  [36m</th>[39m
                  [36m<th[39m
                    [33mclass[39m=[32m"px-6 py-4 font-medium"[39m
                  [36m>[39m
                    [0mCommission[0m
                  [36m</th>[39m
                  [36m<th[39m
                    [33mclass[39m=[32m"px-6 py-4 font-medium"[39m
                  [36m>[39m
                    [0mReleased[0m
                  [36m</th>[39m
                  [36m<th[39m
                    [33mclass[39m=[32m"px-6 py-4 font-medium"[39m
                  [36m>[39m
                    [0mStill held[0m
                  [36m</th>[39m
                  [36m<th[39m
                    [33mclass[39m=[32m"px-6 py-4 font-medium"[39m
                  [36m>[39m
                    [0mRelease rule[0m
                  [36m</th>[39m
                  [36m<th[39m
                    [33mclass[39m=[32m"px-6 py-4 font-medium"[39m
                  [36m>[39m
                    [0mStatus[0m
                  [36m</th>[39m
                [36m</tr>[39m
              [36m</thead>[39m
              [36m<tbody[39m
                [33mclass[39m=[32m"divide-y divide-gray-100 dark:divide-gray-800"[39m
              [36m>[39m
                [36m<tr>[39m
                  [36m<td[39m
                    [33mclass[39m=[32m"px-6 py-12 text-center text-gray-500 dark:text-gray-400"[39m
                    [33mcolspan[39m=[32m"8"[39m
                  [36m>[39m
                    [0mNo held funds right now.[0m
                  [36m</td>[39m
                [36m</tr>[39m
              [36m</tbody>[39m
            [36m</table>[39m
          [36m</div>[39m
        [36m</section>[39m
        [36m<section[39m
          [33mclass[39m=[32m"overflow-hidden rounded-3xl border border-gray-100 bg-white shadow-sm 
dark:border-gray-800 dark:bg-gray-900/50"[39m
        [36m>[39m
          [36m<div[39m
            [33mclass[39m=[32m"border-b border-gray-100 px-6 py-5 dark:border-gray-800"[39m
          [36m>[39m
            [36m<div[39m
              [33mclass[39m=[32m"flex flex-col gap-3 sm:flex-row sm:items-start sm:justify-between"[39m
            [36m>[39m
              [36m<div>[39m
                [36m<h2[39m
                  [33mclass[39m=[32m"text-lg font-semibold"[39m
                [36m>[39m
                  [0mIncoming Transactions[0m
                [36m</h2>[39m
                [36m<p[39m
                  [33mclass[39m=[32m"mt-1 text-sm text-gray-500 dark:text-gray-400"[39m
                [36m>[39m
                  [0mCredits released into your brand wallet after shipment, delivery, or custom-order milestones.[0m
                [36m</p>[39m
              [36m</div>[39m
              [36m<div[39m
                [33mclass[39m=[32m"inline-flex items-center gap-2 rounded-full bg-violet-50 px-3 py-1.5 text-xs 
font-semibold text-violet-700 dark:bg-violet-500/10 dark:text-violet-200"[39m
              [36m>[39m
                [36m<span[39m
                  [33maria-hidden[39m=[32m"true"[39m
                [36m>[39m
                  [0mΓ£é∩╕Å[0m
                [36m</span>[39m
                [0m0[0m
                [0m custom-order credit[0m
                [0ms[0m
              [36m</div>[39m
            [36m</div>[39m
          [36m</div>[39m
          [36m<div[39m
            [33mclass[39m=[32m"overflow-x-auto scrollbar-hide"[39m
          [36m>[39m
            [36m<table[39m
              [33mclass[39m=[32m"w-full min-w-[620px] text-left text-sm sm:min-w-[700px] lg:min-w-[760px]"[39m
            [36m>[39m
              [36m<thead[39m
                [33mclass[39m=[32m"bg-gray-50 text-gray-500 dark:bg-gray-800/50 dark:text-gray-400"[39m
              [36m>[39m
                [36m<tr>[39m
                  [36m<th[39m
                    [33mclass[39m=[32m"px-6 py-4 font-medium"[39m
                  [36m>[39m
                    [0mTransaction[0m
                  [36m</th>[39m
                  [36m<th[39m
                    [33mclass[39m=[32m"px-6 py-4 font-medium"[39m
                  [36m>[39m
                    [0mCounterparty[0m
                  [36m</th>[39m
                  [36m<th[39m
                    [33mclass[39m=[32m"px-6 py-4 font-medium"[39m
                  [36m>[39m
                    [0mDate[0m
                  [36m</th>[39m
                  [36m<th[39m
                    [33mclass[39m=[32m"px-6 py-4 font-medium"[39m
                  [36m>[39m
                    [0mGross[0m
                  [36m</th>[39m
                  [36m<th[39m
                    [33mclass[39m=[32m"px-6 py-4 font-medium"[39m
                  [36m>[39m
                    [0mCommission[0m
                  [36m</th>[39m
                  [36m<th[39m
                    [33mclass[39m=[32m"px-6 py-4 font-medium"[39m
                  [36m>[39m
                    [0mNet[0m
                  [36m</th>[39m
                  [36m<th[39m
                    [33mclass[39m=[32m"px-6 py-4 font-medium"[39m
                  [36m>[39m
                    [0mStage[0m
                  [36m</th>[39m
                [36m</tr>[39m
              [36m</thead>[39m
              [36m<tbody[39m
                [33mclass[39m=[32m"divide-y divide-gray-100 dark:divide-gray-800"[39m
              [36m>[39m
                [36m<tr>[39m
                  [36m<td[39m
                    [33mclass[39m=[32m"px-6 py-12 text-center text-gray-500 dark:text-gray-400"[39m
                    [33mcolspan[39m=[32m"7"[39m
                  [36m>[39m
                    [0mNo incoming transactions recorded yet.[0m
                  [36m</td>[39m
                [36m</tr>[39m
              [36m</tbody>[39m
            [36m</table>[39m
          [36m</div>[39m
        [36m</section>[39m
        [36m<section[39m
          [33mclass[39m=[32m"overflow-hidden rounded-3xl border border-gray-100 bg-white shadow-sm 
dark:border-gray-800 dark:bg-gray-900/50"[39m
        [36m>[39m
          [36m<div[39m
            [33mclass[39m=[32m"border-b border-gray-100 px-6 py-5 dark:border-gray-800"[39m
          [36m>[39m
            [36m<h2[39m
              [33mclass[39m=[32m"text-lg font-semibold"[39m
            [36m>[39m
              [0mPayout History[0m
            [36m</h2>[39m
          [36m</div>[39m
          [36m<div[39m
            [33mclass[39m=[32m"overflow-x-auto scrollbar-hide"[39m
          [36m>[39m
            [36m<table[39m
              [33mclass[39m=[32m"w-full min-w-[560px] text-left text-sm sm:min-w-[620px] lg:min-w-[680px]"[39m
            [36m>[39m
              [36m<thead[39m
                [33mclass[39m=[32m"bg-gray-50 text-gray-500 dark:bg-gray-800/50 dark:text-gray-400"[39m
              [36m>[39m
                [36m<tr>[39m
                  [36m<th[39m
                    [33mclass[39m=[32m"px-6 py-4 font-medium"[39m
                  [36m>[39m
                    [0mReference[0m
                  [36m</th>[39m
                  [36m<th[39m
                    [33mclass[39m=[32m"px-6 py-4 font-medium"[39m
                  [36m>[39m
                    [0mDate[0m
                  [36m</th>[39m
                  [36m<th[39m
                    [33mclass[39m=[32m"px-6 py-4 font-medium"[39m
                  [36m>[39m
                    [0mAmount[0m
                  [36m</th>[39m
                  [36m<th[39m
                    [33mclass[39m=[32m"px-6 py-4 font-medium"[39m
                  [36m>[39m
                    [0mStatus[0m
                  [36m</th>[39m
                [36m</tr>[39m
              [36m</thead>[39m
              [36m<tbody[39m
                [33mclass[39m=[32m"divide-y divide-gray-100 dark:divide-gray-800"[39m
              [36m>[39m
                [36m<tr>[39m
                  [36m<td[39m
                    [33mclass[39m=[32m"px-6 py-12 text-center text-gray-500 dark:text-gray-400"[39m
                    [33mcolspan[39m=[32m"4"[39m
                  [36m>[39m
                    [0mNo payout history found.[0m
                  [36m</td>[39m
                [36m</tr>[39m
              [36m</tbody>[39m
            [36m</table>[39m
          [36m</div>[39m
        [36m</section>[39m
      [36m</div>[39m
    [36m</div>[39m
  [36m</body>[39m
[36m</html>[39m
[90m [2mΓ¥»[22m Proxy.waitForWrapper node_modules/@testing-library/dom/dist/wait-for.js:[2m163:27[22m[39m
[36m [2mΓ¥»[22m src/__tests__/dashboard/FinancePage.test.tsx:[2m113:11[22m[39m
    [90m111|[39m     )[33m;[39m
    [90m112|[39m
    [90m113|[39m     [35mawait[39m [34mwaitFor[39m(() [33m=>[39m {
    [90m   |[39m           [31m^[39m
    [90m114|[39m       [34mexpect[39m(screen[33m.[39m[34mgetByText[39m([32m'Request 
Payout'[39m))[33m.[39m[34mtoBeEnabled[39m()[33m;[39m
    [90m115|[39m     })[33m;[39m

[31m[2mΓÄ»ΓÄ»ΓÄ»ΓÄ»ΓÄ»ΓÄ»ΓÄ»ΓÄ»ΓÄ»ΓÄ»ΓÄ»ΓÄ»ΓÄ»ΓÄ»ΓÄ»ΓÄ»ΓÄ»ΓÄ»ΓÄ»ΓÄ»ΓÄ»ΓÄ»ΓÄ»[8/14]ΓÄ»[22m[39m

[41m[1m FAIL [22m[49m src/__tests__/dashboard/FinancePage.test.tsx[2m > [22mFinancePage[2m > [22mvalidates 
minimum payout amount
[31m[1mTestingLibraryElementError[22m[39m: Unable to find an element with the text: Request Payout. This could be 
because the text is broken up by multiple elements. In this case, you can provide a function for your text matcher to 
make your matcher more flexible.

Ignored nodes: comments, script, style
[36m<body>[39m
  [36m<div>[39m
    [36m<div[39m
      [33mclass[39m=[32m"space-y-8 animate-in fade-in duration-500"[39m
    [36m>[39m
      [36m<div[39m
        [33mclass[39m=[32m"flex flex-col gap-2 sm:flex-row sm:items-center sm:justify-between"[39m
      [36m>[39m
        [36m<div>[39m
          [36m<h1[39m
            [33mclass[39m=[32m"text-2xl font-bold tracking-tight"[39m
          [36m>[39m
            [0mFinance[0m
          [36m</h1>[39m
          [36m<p[39m
            [33mclass[39m=[32m"text-sm text-gray-500 dark:text-gray-400"[39m
          [36m>[39m
            [0mReleased balances, incoming credits, and payout history.[0m
          [36m</p>[39m
        [36m</div>[39m
      [36m</div>[39m
      [36m<div[39m
        [33mclass[39m=[32m"overflow-hidden rounded-2xl border border-black/10 bg-slate-950 text-white shadow-sm 
dark:border-white/10"[39m
      [36m>[39m
        [36m<div[39m
          [33mclass[39m=[32m"flex flex-wrap items-center justify-between gap-4 px-5 py-4"[39m
        [36m>[39m
          [36m<div[39m
            [33mclass[39m=[32m"flex items-center gap-4"[39m
          [36m>[39m
            [36m<div>[39m
              [36m<div[39m
                [33mclass[39m=[32m"text-[10px] font-bold uppercase tracking-[0.28em] text-slate-400"[39m
              [36m>[39m
                [0mAvailable balance[0m
              [36m</div>[39m
              [36m<div[39m
                [33mclass[39m=[32m"mt-1 text-2xl font-bold tracking-tight"[39m
              [36m>[39m
                [0mΓéª0.00[0m
              [36m</div>[39m
            [36m</div>[39m
            [36m<div[39m
              [33maria-hidden[39m=[32m"true"[39m
              [33mclass[39m=[32m"text-2xl"[39m
            [36m>[39m
              [0m≡ƒÆ░[0m
            [36m</div>[39m
          [36m</div>[39m
          [36m<div[39m
            [33mclass[39m=[32m"flex flex-wrap items-center gap-2"[39m
          [36m>[39m
            [36m<button[39m
              [33mclass[39m=[32m"rounded-full bg-white px-4 py-2 text-sm font-semibold text-black 
transition-opacity hover:opacity-90 disabled:cursor-not-allowed disabled:opacity-50 dark:bg-slate-800 
dark:text-white"[39m
              [33mdisabled[39m=[32m""[39m
              [33mtype[39m=[32m"button"[39m
            [36m>[39m
              [0mRequest payout[0m
            [36m</button>[39m
            [36m<div[39m
              [33mclass[39m=[32m"text-xs text-slate-400"[39m
            [36m>[39m
              [0mMin. Γéª5,000[0m
            [36m</div>[39m
          [36m</div>[39m
        [36m</div>[39m
        [36m<div[39m
          [33mclass[39m=[32m"grid grid-cols-2 border-t border-white/10 sm:grid-cols-4"[39m
        [36m>[39m
          [36m<div[39m
            [33mclass[39m=[32m"px-5 py-3 border-b border-white/10 sm:border-b-0 sm:border-r"[39m
          [36m>[39m
            [36m<div[39m
              [33mclass[39m=[32m"text-[10px] font-bold uppercase tracking-[0.2em] text-slate-400"[39m
            [36m>[39m
              [0mReleased[0m
            [36m</div>[39m
            [36m<div[39m
              [33mclass[39m=[32m"mt-1 text-base font-bold"[39m
            [36m>[39m
              [0mΓéª0.00[0m
            [36m</div>[39m
            [36m<div[39m
              [33mclass[39m=[32m"mt-0.5 text-[11px] text-slate-500"[39m
            [36m>[39m
              [0mUnlocked by milestones[0m
            [36m</div>[39m
          [36m</div>[39m
          [36m<div[39m
            [33mclass[39m=[32m"px-5 py-3 border-b border-white/10 sm:border-b-0 sm:border-r"[39m
          [36m>[39m
            [36m<div[39m
              [33mclass[39m=[32m"text-[10px] font-bold uppercase tracking-[0.2em] text-slate-400"[39m
            [36m>[39m
              [0mReserved[0m
            [36m</div>[39m
            [36m<div[39m
              [33mclass[39m=[32m"mt-1 text-base font-bold"[39m
            [36m>[39m
              [0mΓéª0.00[0m
            [36m</div>[39m
            [36m<div[39m
              [33mclass[39m=[32m"mt-0.5 text-[11px] text-slate-500"[39m
            [36m>[39m
              [0mIn payout flow[0m
            [36m</div>[39m
          [36m</div>[39m
          [36m<div[39m
            [33mclass[39m=[32m"px-5 py-3 border-b border-white/10 sm:border-b-0 sm:border-r"[39m
          [36m>[39m
            [36m<div[39m
              [33mclass[39m=[32m"text-[10px] font-bold uppercase tracking-[0.2em] text-slate-400"[39m
            [36m>[39m
              [0mPaid out[0m
            [36m</div>[39m
            [36m<div[39m
              [33mclass[39m=[32m"mt-1 text-base font-bold"[39m
            [36m>[39m
              [0mΓéª0.00[0m
            [36m</div>[39m
            [36m<div[39m
              [33mclass[39m=[32m"mt-0.5 text-[11px] text-slate-500"[39m
            [36m>[39m
              [0mSettled to bank[0m
            [36m</div>[39m
          [36m</div>[39m
          [36m<div[39m
            [33mclass[39m=[32m"px-5 py-3 "[39m
          [36m>[39m
            [36m<div[39m
              [33mclass[39m=[32m"text-[10px] font-bold uppercase tracking-[0.2em] text-slate-400"[39m
            [36m>[39m
              [0mIncoming[0m
            [36m</div>[39m
            [36m<div[39m
              [33mclass[39m=[32m"mt-1 text-base font-bold"[39m
            [36m>[39m
              [0mΓéª0.00[0m
            [36m</div>[39m
            [36m<div[39m
              [33mclass[39m=[32m"mt-0.5 text-[11px] text-slate-500"[39m
            [36m>[39m
              [0m0 paid orders[0m
            [36m</div>[39m
          [36m</div>[39m
        [36m</div>[39m
      [36m</div>[39m
      [36m<section[39m
        [33mclass[39m=[32m"overflow-hidden rounded-3xl border border-gray-100 bg-white shadow-sm 
dark:border-gray-800 dark:bg-gray-900/50"[39m
      [36m>[39m
        [36m<div[39m
          [33mclass[39m=[32m"border-b border-gray-100 px-6 py-5 dark:border-gray-800"[39m
        [36m>[39m
          [36m<div[39m
            [33mclass[39m=[32m"flex flex-col gap-3 sm:flex-row sm:items-start sm:justify-between"[39m
          [36m>[39m
            [36m<div>[39m
              [36m<h2[39m
                [33mclass[39m=[32m"text-lg font-semibold"[39m
              [36m>[39m
                [0mHeld Funds[0m
              [36m</h2>[39m
              [36m<p[39m
                [33mclass[39m=[32m"mt-1 text-sm text-gray-500 dark:text-gray-400"[39m
              [36m>[39m
                [0mEscrowed funds that are still waiting on delivery confirmation, release milestones, or admin 
action.[0m
              [36m</p>[39m
            [36m</div>[39m
            [36m<div[39m
              [33mclass[39m=[32m"inline-flex items-center gap-2 rounded-full bg-amber-50 px-3 py-1.5 text-xs 
font-semibold text-amber-700 dark:bg-amber-500/10 dark:text-amber-200"[39m
            [36m>[39m
              [36m<span[39m
                [33maria-hidden[39m=[32m"true"[39m
              [36m>[39m
                [0m≡ƒöÆ[0m
              [36m</span>[39m
              [0m0[0m
              [0m open hold[0m
              [0ms[0m
            [36m</div>[39m
          [36m</div>[39m
        [36m</div>[39m
        [36m<div[39m
          [33mclass[39m=[32m"overflow-x-auto scrollbar-hide"[39m
        [36m>[39m
          [36m<table[39m
            [33mclass[39m=[32m"w-full min-w-[760px] text-left text-sm"[39m
          [36m>[39m
            [36m<thead[39m
              [33mclass[39m=[32m"bg-gray-50 text-gray-500 dark:bg-gray-800/50 dark:text-gray-400"[39m
            [36m>[39m
              [36m<tr>[39m
                [36m<th[39m
                  [33mclass[39m=[32m"px-6 py-4 font-medium"[39m
                [36m>[39m
                  [0mReference[0m
                [36m</th>[39m
                [36m<th[39m
                  [33mclass[39m=[32m"px-6 py-4 font-medium"[39m
                [36m>[39m
                  [0mBuyer[0m
                [36m</th>[39m
                [36m<th[39m
                  [33mclass[39m=[32m"px-6 py-4 font-medium"[39m
                [36m>[39m
                  [0mGross[0m
                [36m</th>[39m
                [36m<th[39m
                  [33mclass[39m=[32m"px-6 py-4 font-medium"[39m
                [36m>[39m
                  [0mCommission[0m
                [36m</th>[39m
                [36m<th[39m
                  [33mclass[39m=[32m"px-6 py-4 font-medium"[39m
                [36m>[39m
                  [0mReleased[0m
                [36m</th>[39m
                [36m<th[39m
                  [33mclass[39m=[32m"px-6 py-4 font-medium"[39m
                [36m>[39m
                  [0mStill held[0m
                [36m</th>[39m
                [36m<th[39m
                  [33mclass[39m=[32m"px-6 py-4 font-medium"[39m
                [36m>[39m
                  [0mRelease rule[0m
                [36m</th>[39m
                [36m<th[39m
                  [33mclass[39m=[32m"px-6 py-4 font-medium"[39m
                [36m>[39m
                  [0mStatus[0m
                [36m</th>[39m
              [36m</tr>[39m
            [36m</thead>[39m
            [36m<tbody[39m
              [33mclass[39m=[32m"divide-y divide-gray-100 dark:divide-gray-800"[39m
            [36m>[39m
              [36m<tr>[39m
                [36m<td[39m
                  [33mclass[39m=[32m"px-6 py-12 text-center text-gray-500 dark:text-gray-400"[39m
                  [33mcolspan[39m=[32m"8"[39m
                [36m>[39m
                  [0mNo held funds right now.[0m
                [36m</td>[39m
              [36m</tr>[39m
            [36m</tbody>[39m
          [36m</table>[39m
        [36m</div>[39m
      [36m</section>[39m
      [36m<section[39m
        [33mclass[39m=[32m"overflow-hidden rounded-3xl border border-gray-100 bg-white shadow-sm 
dark:border-gray-800 dark:bg-gray-900/50"[39m
      [36m>[39m
        [36m<div[39m
          [33mclass[39m=[32m"border-b border-gray-100 px-6 py-5 dark:border-gray-800"[39m
        [36m>[39m
          [36m<div[39m
            [33mclass[39m=[32m"flex flex-col gap-3 sm:flex-row sm:items-start sm:justify-between"[39m
          [36m>[39m
            [36m<div>[39m
              [36m<h2[39m
                [33mclass[39m=[32m"text-lg font-semibold"[39m
              [36m>[39m
                [0mIncoming Transactions[0m
              [36m</h2>[39m
              [36m<p[39m
                [33mclass[39m=[32m"mt-1 text-sm text-gray-500 dark:text-gray-400"[39m
              [36m>[39m
                [0mCredits released into your brand wallet after shipment, delivery, or custom-order milestones.[0m
              [36m</p>[39m
            [36m</div>[39m
            [36m<div[39m
              [33mclass[39m=[32m"inline-flex items-center gap-2 rounded-full bg-violet-50 px-3 py-1.5 text-xs 
font-semibold text-violet-700 dark:bg-violet-500/10 dark:text-violet-200"[39m
            [36m>[39m
              [36m<span[39m
                [33maria-hidden[39m=[32m"true"[39m
              [36m>[39m
                [0mΓ£é∩╕Å[0m
              [36m</span>[39m
              [0m0[0m
              [0m custom-order credit[0m
              [0ms[0m
            [36m</div>[39m
          [36m</div>[39m
        [36m</div>[39m
        [36m<div[39m
          [33mclass[39m=[32m"overflow-x-auto scrollbar-hide"[39m
        [36m>[39m
          [36m<table[39m
            [33mclass[39m=[32m"w-full min-w-[620px] text-left text-sm sm:min-w-[700px] lg:min-w-[760px]"[39m
          [36m>[39m
            [36m<thead[39m
              [33mclass[39m=[32m"bg-gray-50 text-gray-500 dark:bg-gray-800/50 dark:text-gray-400"[39m
            [36m>[39m
              [36m<tr>[39m
                [36m<th[39m
                  [33mclass[39m=[32m"px-6 py-4 font-medium"[39m
                [36m>[39m
                  [0mTransaction[0m
                [36m</th>[39m
                [36m<th[39m
                  [33mclass[39m=[32m"px-6 py-4 font-medium"[39m
                [36m>[39m
                  [0mCounterparty[0m
                [36m</th>[39m
                [36m<th[39m
                  [33mclass[39m=[32m"px-6 py-4 font-medium"[39m
                [36m>[39m
                  [0mDate[0m
                [36m</th>[39m
                [36m<th[39m
                  [33mclass[39m=[32m"px-6 py-4 font-medium"[39m
                [36m>[39m
                  [0mGross[0m
                [36m</th>[39m
                [36m<th[39m
                  [33mclass[39m=[32m"px-6 py-4 font-medium"[39m
                [36m>[39m
                  [0mCommission[0m
                [36m</th>[39m
                [36m<th[39m
                  [33mclass[39m=[32m"px-6 py-4 font-medium"[39m
                [36m>[39m
                  [0mNet[0m
                [36m</th>[39m
                [36m<th[39m
                  [33mclass[39m=[32m"px-6 py-4 font-medium"[39m
                [36m>[39m
                  [0mStage[0m
                [36m</th>[39m
              [36m</tr>[39m
            [36m</thead>[39m
            [36m<tbody[39m
              [33mclass[39m=[32m"divide-y divide-gray-100 dark:divide-gray-800"[39m
            [36m>[39m
              [36m<tr>[39m
                [36m<td[39m
                  [33mclass[39m=[32m"px-6 py-12 text-center text-gray-500 dark:text-gray-400"[39m
                  [33mcolspan[39m=[32m"7"[39m
                [36m>[39m
                  [0mNo incoming transactions recorded yet.[0m
                [36m</td>[39m
              [36m</tr>[39m
            [36m</tbody>[39m
          [36m</table>[39m
        [36m</div>[39m
      [36m</section>[39m
      [36m<section[39m
        [33mclass[39m=[32m"overflow-hidden rounded-3xl border border-gray-100 bg-white shadow-sm 
dark:border-gray-800 dark:bg-gray-900/50"[39m
      [36m>[39m
        [36m<div[39m
          [33mclass[39m=[32m"border-b border-gray-100 px-6 py-5 dark:border-gray-800"[39m
        [36m>[39m
          [36m<h2[39m
            [33mclass[39m=[32m"text-lg font-semibold"[39m
          [36m>[39m
            [0mPayout History[0m
          [36m</h2>[39m
        [36m</div>[39m
        [36m<div[39m
          [33mclass[39m=[32m"overflow-x-auto scrollbar-hide"[39m
        [36m>[39m
          [36m<table[39m
            [33mclass[39m=[32m"w-full min-w-[560px] text-left text-sm sm:min-w-[620px] lg:min-w-[680px]"[39m
          [36m>[39m
            [36m<thead[39m
              [33mclass[39m=[32m"bg-gray-50 text-gray-500 dark:bg-gray-800/50 dark:text-gray-400"[39m
            [36m>[39m
              [36m<tr>[39m
                [36m<th[39m
                  [33mclass[39m=[32m"px-6 py-4 font-medium"[39m
                [36m>[39m
                  [0mReference[0m
                [36m</th>[39m
                [36m<th[39m
                  [33mclass[39m=[32m"px-6 py-4 font-medium"[39m
                [36m>[39m
                  [0mDate[0m
                [36m</th>[39m
                [36m<th[39m
                  [33mclass[39m=[32m"px-6 py-4 font-medium"[39m
                [36m>[39m
                  [0mAmount[0m
                [36m</th>[39m
                [36m<th[39m
                  [33mclass[39m=[32m"px-6 py-4 font-medium"[39m
                [36m>[39m
                  [0mStatus[0m
                [36m</th>[39m
              [36m</tr>[39m
            [36m</thead>[39m
            [36m<tbody[39m
              [33mclass[39m=[32m"divide-y divide-gray-100 dark:divide-gray-800"[39m
            [36m>[39m
              [36m<tr>[39m
                [36m<td[39m
                  [33mclass[39m=[32m"px-6 py-12 text-center text-gray-500 dark:text-gray-400"[39m
                  [33mcolspan[39m=[32m"4"[39m
                [36m>[39m
                  [0mNo payout history found.[0m
                [36m</td>[39m
              [36m</tr>[39m
            [36m</tbody>[39m
          [36m</table>[39m
        [36m</div>[39m
      [36m</section>[39m
    [36m</div>[39m
  [36m</div>[39m
[36m</body>[39m

Ignored nodes: comments, script, style
[36m<html>[39m
  [36m<head />[39m
  [36m<body>[39m
    [36m<div>[39m
      [36m<div[39m
        [33mclass[39m=[32m"space-y-8 animate-in fade-in duration-500"[39m
      [36m>[39m
        [36m<div[39m
          [33mclass[39m=[32m"flex flex-col gap-2 sm:flex-row sm:items-center sm:justify-between"[39m
        [36m>[39m
          [36m<div>[39m
            [36m<h1[39m
              [33mclass[39m=[32m"text-2xl font-bold tracking-tight"[39m
            [36m>[39m
              [0mFinance[0m
            [36m</h1>[39m
            [36m<p[39m
              [33mclass[39m=[32m"text-sm text-gray-500 dark:text-gray-400"[39m
            [36m>[39m
              [0mReleased balances, incoming credits, and payout history.[0m
            [36m</p>[39m
          [36m</div>[39m
        [36m</div>[39m
        [36m<div[39m
          [33mclass[39m=[32m"overflow-hidden rounded-2xl border border-black/10 bg-slate-950 text-white shadow-sm 
dark:border-white/10"[39m
        [36m>[39m
          [36m<div[39m
            [33mclass[39m=[32m"flex flex-wrap items-center justify-between gap-4 px-5 py-4"[39m
          [36m>[39m
            [36m<div[39m
              [33mclass[39m=[32m"flex items-center gap-4"[39m
            [36m>[39m
              [36m<div>[39m
                [36m<div[39m
                  [33mclass[39m=[32m"text-[10px] font-bold uppercase tracking-[0.28em] text-slate-400"[39m
                [36m>[39m
                  [0mAvailable balance[0m
                [36m</div>[39m
                [36m<div[39m
                  [33mclass[39m=[32m"mt-1 text-2xl font-bold tracking-tight"[39m
                [36m>[39m
                  [0mΓéª0.00[0m
                [36m</div>[39m
              [36m</div>[39m
              [36m<div[39m
                [33maria-hidden[39m=[32m"true"[39m
                [33mclass[39m=[32m"text-2xl"[39m
              [36m>[39m
                [0m≡ƒÆ░[0m
              [36m</div>[39m
            [36m</div>[39m
            [36m<div[39m
              [33mclass[39m=[32m"flex flex-wrap items-center gap-2"[39m
            [36m>[39m
              [36m<button[39m
                [33mclass[39m=[32m"rounded-full bg-white px-4 py-2 text-sm font-semibold text-black 
transition-opacity hover:opacity-90 disabled:cursor-not-allowed disabled:opacity-50 dark:bg-slate-800 
dark:text-white"[39m
                [33mdisabled[39m=[32m""[39m
                [33mtype[39m=[32m"button"[39m
              [36m>[39m
                [0mRequest payout[0m
              [36m</button>[39m
              [36m<div[39m
                [33mclass[39m=[32m"text-xs text-slate-400"[39m
              [36m>[39m
                [0mMin. Γéª5,000[0m
              [36m</div>[39m
            [36m</div>[39m
          [36m</div>[39m
          [36m<div[39m
            [33mclass[39m=[32m"grid grid-cols-2 border-t border-white/10 sm:grid-cols-4"[39m
          [36m>[39m
            [36m<div[39m
              [33mclass[39m=[32m"px-5 py-3 border-b border-white/10 sm:border-b-0 sm:border-r"[39m
            [36m>[39m
              [36m<div[39m
                [33mclass[39m=[32m"text-[10px] font-bold uppercase tracking-[0.2em] text-slate-400"[39m
              [36m>[39m
                [0mReleased[0m
              [36m</div>[39m
              [36m<div[39m
                [33mclass[39m=[32m"mt-1 text-base font-bold"[39m
              [36m>[39m
                [0mΓéª0.00[0m
              [36m</div>[39m
              [36m<div[39m
                [33mclass[39m=[32m"mt-0.5 text-[11px] text-slate-500"[39m
              [36m>[39m
                [0mUnlocked by milestones[0m
              [36m</div>[39m
            [36m</div>[39m
            [36m<div[39m
              [33mclass[39m=[32m"px-5 py-3 border-b border-white/10 sm:border-b-0 sm:border-r"[39m
            [36m>[39m
              [36m<div[39m
                [33mclass[39m=[32m"text-[10px] font-bold uppercase tracking-[0.2em] text-slate-400"[39m
              [36m>[39m
                [0mReserved[0m
              [36m</div>[39m
              [36m<div[39m
                [33mclass[39m=[32m"mt-1 text-base font-bold"[39m
              [36m>[39m
                [0mΓéª0.00[0m
              [36m</div>[39m
              [36m<div[39m
                [33mclass[39m=[32m"mt-0.5 text-[11px] text-slate-500"[39m
              [36m>[39m
                [0mIn payout flow[0m
              [36m</div>[39m
            [36m</div>[39m
            [36m<div[39m
              [33mclass[39m=[32m"px-5 py-3 border-b border-white/10 sm:border-b-0 sm:border-r"[39m
            [36m>[39m
              [36m<div[39m
                [33mclass[39m=[32m"text-[10px] font-bold uppercase tracking-[0.2em] text-slate-400"[39m
              [36m>[39m
                [0mPaid out[0m
              [36m</div>[39m
              [36m<div[39m
                [33mclass[39m=[32m"mt-1 text-base font-bold"[39m
              [36m>[39m
                [0mΓéª0.00[0m
              [36m</div>[39m
              [36m<div[39m
                [33mclass[39m=[32m"mt-0.5 text-[11px] text-slate-500"[39m
              [36m>[39m
                [0mSettled to bank[0m
              [36m</div>[39m
            [36m</div>[39m
            [36m<div[39m
              [33mclass[39m=[32m"px-5 py-3 "[39m
            [36m>[39m
              [36m<div[39m
                [33mclass[39m=[32m"text-[10px] font-bold uppercase tracking-[0.2em] text-slate-400"[39m
              [36m>[39m
                [0mIncoming[0m
              [36m</div>[39m
              [36m<div[39m
                [33mclass[39m=[32m"mt-1 text-base font-bold"[39m
              [36m>[39m
                [0mΓéª0.00[0m
              [36m</div>[39m
              [36m<div[39m
                [33mclass[39m=[32m"mt-0.5 text-[11px] text-slate-500"[39m
              [36m>[39m
                [0m0 paid orders[0m
              [36m</div>[39m
            [36m</div>[39m
          [36m</div>[39m
        [36m</div>[39m
        [36m<section[39m
          [33mclass[39m=[32m"overflow-hidden rounded-3xl border border-gray-100 bg-white shadow-sm 
dark:border-gray-800 dark:bg-gray-900/50"[39m
        [36m>[39m
          [36m<div[39m
            [33mclass[39m=[32m"border-b border-gray-100 px-6 py-5 dark:border-gray-800"[39m
          [36m>[39m
            [36m<div[39m
              [33mclass[39m=[32m"flex flex-col gap-3 sm:flex-row sm:items-start sm:justify-between"[39m
            [36m>[39m
              [36m<div>[39m
                [36m<h2[39m
                  [33mclass[39m=[32m"text-lg font-semibold"[39m
                [36m>[39m
                  [0mHeld Funds[0m
                [36m</h2>[39m
                [36m<p[39m
                  [33mclass[39m=[32m"mt-1 text-sm text-gray-500 dark:text-gray-400"[39m
                [36m>[39m
                  [0mEscrowed funds that are still waiting on delivery confirmation, release milestones, or admin 
action.[0m
                [36m</p>[39m
              [36m</div>[39m
              [36m<div[39m
                [33mclass[39m=[32m"inline-flex items-center gap-2 rounded-full bg-amber-50 px-3 py-1.5 text-xs 
font-semibold text-amber-700 dark:bg-amber-500/10 dark:text-amber-200"[39m
              [36m>[39m
                [36m<span[39m
                  [33maria-hidden[39m=[32m"true"[39m
                [36m>[39m
                  [0m≡ƒöÆ[0m
                [36m</span>[39m
                [0m0[0m
                [0m open hold[0m
                [0ms[0m
              [36m</div>[39m
            [36m</div>[39m
          [36m</div>[39m
          [36m<div[39m
            [33mclass[39m=[32m"overflow-x-auto scrollbar-hide"[39m
          [36m>[39m
            [36m<table[39m
              [33mclass[39m=[32m"w-full min-w-[760px] text-left text-sm"[39m
            [36m>[39m
              [36m<thead[39m
                [33mclass[39m=[32m"bg-gray-50 text-gray-500 dark:bg-gray-800/50 dark:text-gray-400"[39m
              [36m>[39m
                [36m<tr>[39m
                  [36m<th[39m
                    [33mclass[39m=[32m"px-6 py-4 font-medium"[39m
                  [36m>[39m
                    [0mReference[0m
                  [36m</th>[39m
                  [36m<th[39m
                    [33mclass[39m=[32m"px-6 py-4 font-medium"[39m
                  [36m>[39m
                    [0mBuyer[0m
                  [36m</th>[39m
                  [36m<th[39m
                    [33mclass[39m=[32m"px-6 py-4 font-medium"[39m
                  [36m>[39m
                    [0mGross[0m
                  [36m</th>[39m
                  [36m<th[39m
                    [33mclass[39m=[32m"px-6 py-4 font-medium"[39m
                  [36m>[39m
                    [0mCommission[0m
                  [36m</th>[39m
                  [36m<th[39m
                    [33mclass[39m=[32m"px-6 py-4 font-medium"[39m
                  [36m>[39m
                    [0mReleased[0m
                  [36m</th>[39m
                  [36m<th[39m
                    [33mclass[39m=[32m"px-6 py-4 font-medium"[39m
                  [36m>[39m
                    [0mStill held[0m
                  [36m</th>[39m
                  [36m<th[39m
                    [33mclass[39m=[32m"px-6 py-4 font-medium"[39m
                  [36m>[39m
                    [0mRelease rule[0m
                  [36m</th>[39m
                  [36m<th[39m
                    [33mclass[39m=[32m"px-6 py-4 font-medium"[39m
                  [36m>[39m
                    [0mStatus[0m
                  [36m</th>[39m
                [36m</tr>[39m
              [36m</thead>[39m
              [36m<tbody[39m
                [33mclass[39m=[32m"divide-y divide-gray-100 dark:divide-gray-800"[39m
              [36m>[39m
                [36m<tr>[39m
                  [36m<td[39m
                    [33mclass[39m=[32m"px-6 py-12 text-center text-gray-500 dark:text-gray-400"[39m
                    [33mcolspan[39m=[32m"8"[39m
                  [36m>[39m
                    [0mNo held funds right now.[0m
                  [36m</td>[39m
                [36m</tr>[39m
              [36m</tbody>[39m
            [36m</table>[39m
          [36m</div>[39m
        [36m</section>[39m
        [36m<section[39m
          [33mclass[39m=[32m"overflow-hidden rounded-3xl border border-gray-100 bg-white shadow-sm 
dark:border-gray-800 dark:bg-gray-900/50"[39m
        [36m>[39m
          [36m<div[39m
            [33mclass[39m=[32m"border-b border-gray-100 px-6 py-5 dark:border-gray-800"[39m
          [36m>[39m
            [36m<div[39m
              [33mclass[39m=[32m"flex flex-col gap-3 sm:flex-row sm:items-start sm:justify-between"[39m
            [36m>[39m
              [36m<div>[39m
                [36m<h2[39m
                  [33mclass[39m=[32m"text-lg font-semibold"[39m
                [36m>[39m
                  [0mIncoming Transactions[0m
                [36m</h2>[39m
                [36m<p[39m
                  [33mclass[39m=[32m"mt-1 text-sm text-gray-500 dark:text-gray-400"[39m
                [36m>[39m
                  [0mCredits released into your brand wallet after shipment, delivery, or custom-order milestones.[0m
                [36m</p>[39m
              [36m</div>[39m
              [36m<div[39m
                [33mclass[39m=[32m"inline-flex items-center gap-2 rounded-full bg-violet-50 px-3 py-1.5 text-xs 
font-semibold text-violet-700 dark:bg-violet-500/10 dark:text-violet-200"[39m
              [36m>[39m
                [36m<span[39m
                  [33maria-hidden[39m=[32m"true"[39m
                [36m>[39m
                  [0mΓ£é∩╕Å[0m
                [36m</span>[39m
                [0m0[0m
                [0m custom-order credit[0m
                [0ms[0m
              [36m</div>[39m
            [36m</div>[39m
          [36m</div>[39m
          [36m<div[39m
            [33mclass[39m=[32m"overflow-x-auto scrollbar-hide"[39m
          [36m>[39m
            [36m<table[39m
              [33mclass[39m=[32m"w-full min-w-[620px] text-left text-sm sm:min-w-[700px] lg:min-w-[760px]"[39m
            [36m>[39m
              [36m<thead[39m
                [33mclass[39m=[32m"bg-gray-50 text-gray-500 dark:bg-gray-800/50 dark:text-gray-400"[39m
              [36m>[39m
                [36m<tr>[39m
                  [36m<th[39m
                    [33mclass[39m=[32m"px-6 py-4 font-medium"[39m
                  [36m>[39m
                    [0mTransaction[0m
                  [36m</th>[39m
                  [36m<th[39m
                    [33mclass[39m=[32m"px-6 py-4 font-medium"[39m
                  [36m>[39m
                    [0mCounterparty[0m
                  [36m</th>[39m
                  [36m<th[39m
                    [33mclass[39m=[32m"px-6 py-4 font-medium"[39m
                  [36m>[39m
                    [0mDate[0m
                  [36m</th>[39m
                  [36m<th[39m
                    [33mclass[39m=[32m"px-6 py-4 font-medium"[39m
                  [36m>[39m
                    [0mGross[0m
                  [36m</th>[39m
                  [36m<th[39m
                    [33mclass[39m=[32m"px-6 py-4 font-medium"[39m
                  [36m>[39m
                    [0mCommission[0m
                  [36m</th>[39m
                  [36m<th[39m
                    [33mclass[39m=[32m"px-6 py-4 font-medium"[39m
                  [36m>[39m
                    [0mNet[0m
                  [36m</th>[39m
                  [36m<th[39m
                    [33mclass[39m=[32m"px-6 py-4 font-medium"[39m
                  [36m>[39m
                    [0mStage[0m
                  [36m</th>[39m
                [36m</tr>[39m
              [36m</thead>[39m
              [36m<tbody[39m
                [33mclass[39m=[32m"divide-y divide-gray-100 dark:divide-gray-800"[39m
              [36m>[39m
                [36m<tr>[39m
                  [36m<td[39m
                    [33mclass[39m=[32m"px-6 py-12 text-center text-gray-500 dark:text-gray-400"[39m
                    [33mcolspan[39m=[32m"7"[39m
                  [36m>[39m
                    [0mNo incoming transactions recorded yet.[0m
                  [36m</td>[39m
                [36m</tr>[39m
              [36m</tbody>[39m
            [36m</table>[39m
          [36m</div>[39m
        [36m</section>[39m
        [36m<section[39m
          [33mclass[39m=[32m"overflow-hidden rounded-3xl border border-gray-100 bg-white shadow-sm 
dark:border-gray-800 dark:bg-gray-900/50"[39m
        [36m>[39m
          [36m<div[39m
            [33mclass[39m=[32m"border-b border-gray-100 px-6 py-5 dark:border-gray-800"[39m
          [36m>[39m
            [36m<h2[39m
              [33mclass[39m=[32m"text-lg font-semibold"[39m
            [36m>[39m
              [0mPayout History[0m
            [36m</h2>[39m
          [36m</div>[39m
          [36m<div[39m
            [33mclass[39m=[32m"overflow-x-auto scrollbar-hide"[39m
          [36m>[39m
            [36m<table[39m
              [33mclass[39m=[32m"w-full min-w-[560px] text-left text-sm sm:min-w-[620px] lg:min-w-[680px]"[39m
            [36m>[39m
              [36m<thead[39m
                [33mclass[39m=[32m"bg-gray-50 text-gray-500 dark:bg-gray-800/50 dark:text-gray-400"[39m
              [36m>[39m
                [36m<tr>[39m
                  [36m<th[39m
                    [33mclass[39m=[32m"px-6 py-4 font-medium"[39m
                  [36m>[39m
                    [0mReference[0m
                  [36m</th>[39m
                  [36m<th[39m
                    [33mclass[39m=[32m"px-6 py-4 font-medium"[39m
                  [36m>[39m
                    [0mDate[0m
                  [36m</th>[39m
                  [36m<th[39m
                    [33mclass[39m=[32m"px-6 py-4 font-medium"[39m
                  [36m>[39m
                    [0mAmount[0m
                  [36m</th>[39m

[2m Test Files [22m [1m[31m8 failed[39m[22m[2m | [22m[1m[32m33 passed[39m[22m[90m (41)[39m
[2m      Tests [22m [1m[31m14 failed[39m[22m[2m | [22m[1m[32m102 passed[39m[22m[90m (116)[39m
[2m   Start at [22m 08:00:23
[2m   Duration [22m 29.86s[2m (transform 43.65s, setup 44.12s, import 64.30s, tests 29.08s, environment 114.41s)[22m

                  [36m<th[39m
                    [33mclass[39m=[32m"px-6 py-4 font-medium"[39m
                  [36m>[39m
                    [0mStatus[0m
                  [36m</th>[39m
                [36m</tr>[39m
              [36m</thead>[39m
              [36m<tbody[39m
                [33mclass[39m=[32m"divide-y divide-gray-100 dark:divide-gray-800"[39m
              [36m>[39m
                [36m<tr>[39m
                  [36m<td[39m
                    [33mclass[39m=[32m"px-6 py-12 text-center text-gray-500 dark:text-gray-400"[39m
                    [33mcolspan[39m=[32m"4"[39m
                  [36m>[39m
                    [0mNo payout history found.[0m
                  [36m</td>[39m
                [36m</tr>[39m
              [36m</tbody>[39m
            [36m</table>[39m
          [36m</div>[39m
        [36m</section>[39m
      [36m</div>[39m
    [36m</div>[39m
  [36m</body>[39m
[36m</html>[39m
[90m [2mΓ¥»[22m Proxy.waitForWrapper node_modules/@testing-library/dom/dist/wait-for.js:[2m163:27[22m[39m
[36m [2mΓ¥»[22m src/__tests__/dashboard/FinancePage.test.tsx:[2m143:11[22m[39m
    [90m141|[39m     )[33m;[39m
    [90m142|[39m
    [90m143|[39m     [35mawait[39m [34mwaitFor[39m(() [33m=>[39m {
    [90m   |[39m           [31m^[39m
    [90m144|[39m       [34mexpect[39m(screen[33m.[39m[34mgetByText[39m([32m'Request 
Payout'[39m))[33m.[39m[34mtoBeDisabled[39m()[33m;[39m
    [90m145|[39m     })[33m;[39m

[31m[2mΓÄ»ΓÄ»ΓÄ»ΓÄ»ΓÄ»ΓÄ»ΓÄ»ΓÄ»ΓÄ»ΓÄ»ΓÄ»ΓÄ»ΓÄ»ΓÄ»ΓÄ»ΓÄ»ΓÄ»ΓÄ»ΓÄ»ΓÄ»ΓÄ»ΓÄ»ΓÄ»[9/14]ΓÄ»[22m[39m

[41m[1m FAIL [22m[49m src/__tests__/dashboard/OrderManagement.test.tsx[2m > [22mOrderManagement[2m > 
[22mrenders orders after fetching
[41m[1m FAIL [22m[49m src/__tests__/dashboard/OrderManagement.test.tsx[2m > [22mOrderManagement[2m > 
[22mhandles search and filter
[31m[1mError[22m: useRealtime must be used within RealtimeProvider[39m
[36m [2mΓ¥»[22m useRealtime src/realtime/RealtimeProvider.tsx:[2m53:19[22m[39m
    [90m 51|[39m [35mexport[39m [35mconst[39m useRealtime [33m=[39m () [33m=>[39m {
    [90m 52|[39m   [35mconst[39m ctx [33m=[39m [34museContext[39m([33mRealtimeContext[39m)[33m;[39m
    [90m 53|[39m   if (!ctx) throw new Error('useRealtime must be used within RealtimePΓÇª
    [90m   |[39m                   [31m^[39m
    [90m 54|[39m   [35mreturn[39m ctx[33m;[39m
    [90m 55|[39m }[33m;[39m
[90m [2mΓ¥»[22m OrderManagement src/pages/dashboard/OrderManagement.tsx:[2m240:30[22m[39m
[90m [2mΓ¥»[22m Object.react-stack-bottom-frame 
node_modules/react-dom/cjs/react-dom-client.development.js:[2m23863:20[22m[39m
[90m [2mΓ¥»[22m renderWithHooks node_modules/react-dom/cjs/react-dom-client.development.js:[2m5529:22[22m[39m
[90m [2mΓ¥»[22m updateFunctionComponent 
node_modules/react-dom/cjs/react-dom-client.development.js:[2m8897:19[22m[39m
[90m [2mΓ¥»[22m beginWork node_modules/react-dom/cjs/react-dom-client.development.js:[2m10522:18[22m[39m
[90m [2mΓ¥»[22m runWithFiberInDEV node_modules/react-dom/cjs/react-dom-client.development.js:[2m1522:13[22m[39m
[90m [2mΓ¥»[22m performUnitOfWork node_modules/react-dom/cjs/react-dom-client.development.js:[2m15140:22[22m[39m
[90m [2mΓ¥»[22m workLoopSync node_modules/react-dom/cjs/react-dom-client.development.js:[2m14956:41[22m[39m
[90m [2mΓ¥»[22m renderRootSync node_modules/react-dom/cjs/react-dom-client.development.js:[2m14936:11[22m[39m

[31m[2mΓÄ»ΓÄ»ΓÄ»ΓÄ»ΓÄ»ΓÄ»ΓÄ»ΓÄ»ΓÄ»ΓÄ»ΓÄ»ΓÄ»ΓÄ»ΓÄ»ΓÄ»ΓÄ»ΓÄ»ΓÄ»ΓÄ»ΓÄ»ΓÄ»ΓÄ»[10/14]ΓÄ»[22m[39m

